Archive member included to satisfy reference by file (symbol)

/home/jpablo/fiuba/embebidos/CIAA_Software_1.1-linux-x64/tools/gcc-arm-embedded/bin/../lib/gcc/arm-none-eabi/8.2.1/thumb/v7e-m+fp/hard/libgcc.a(_aeabi_uldivmod.o)
                              projects/TP3/out/libs/board/lpc_chip_43xx/src/i2s_18xx_43xx.o (__aeabi_uldivmod)
/home/jpablo/fiuba/embebidos/CIAA_Software_1.1-linux-x64/tools/gcc-arm-embedded/bin/../lib/gcc/arm-none-eabi/8.2.1/thumb/v7e-m+fp/hard/libgcc.a(_udivmoddi4.o)
                              /home/jpablo/fiuba/embebidos/CIAA_Software_1.1-linux-x64/tools/gcc-arm-embedded/bin/../lib/gcc/arm-none-eabi/8.2.1/thumb/v7e-m+fp/hard/libgcc.a(_aeabi_uldivmod.o) (__udivmoddi4)
/home/jpablo/fiuba/embebidos/CIAA_Software_1.1-linux-x64/tools/gcc-arm-embedded/bin/../lib/gcc/arm-none-eabi/8.2.1/thumb/v7e-m+fp/hard/libgcc.a(_dvmd_tls.o)
                              /home/jpablo/fiuba/embebidos/CIAA_Software_1.1-linux-x64/tools/gcc-arm-embedded/bin/../lib/gcc/arm-none-eabi/8.2.1/thumb/v7e-m+fp/hard/libgcc.a(_aeabi_uldivmod.o) (__aeabi_ldiv0)
/home/jpablo/fiuba/embebidos/CIAA_Software_1.1-linux-x64/tools/gcc-arm-embedded/bin/../lib/gcc/arm-none-eabi/8.2.1/../../../../arm-none-eabi/lib/thumb/v7e-m+fp/hard/libc_nano.a(lib_a-init.o)
                              projects/TP3/out/libs/cmsis_core/src/armv7m_startup.o (__libc_init_array)
/home/jpablo/fiuba/embebidos/CIAA_Software_1.1-linux-x64/tools/gcc-arm-embedded/bin/../lib/gcc/arm-none-eabi/8.2.1/../../../../arm-none-eabi/lib/thumb/v7e-m+fp/hard/libc_nano.a(lib_a-memcpy-stub.o)
                              projects/TP3/out/libs/board/lpc_chip_43xx/src/ring_buffer.o (memcpy)
/home/jpablo/fiuba/embebidos/CIAA_Software_1.1-linux-x64/tools/gcc-arm-embedded/bin/../lib/gcc/arm-none-eabi/8.2.1/../../../../arm-none-eabi/lib/thumb/v7e-m+fp/hard/libc_nano.a(lib_a-memset.o)
                              projects/TP3/out/libs/board/lpc_chip_43xx/src/clock_18xx_43xx.o (memset)

Allocating common symbols
Common symbol       size              file

SystemCoreClock     0x4               projects/TP3/out/libs/board/lpc_chip_43xx/src/chip_18xx_43xx.o

Discarded input sections

 .group         0x0000000000000000        0xc projects/TP3/out/libs/board/edu_ciaa_nxp/src/board.o
 .group         0x0000000000000000        0xc projects/TP3/out/libs/board/edu_ciaa_nxp/src/board.o
 .group         0x0000000000000000        0xc projects/TP3/out/libs/board/edu_ciaa_nxp/src/board.o
 .group         0x0000000000000000        0xc projects/TP3/out/libs/board/edu_ciaa_nxp/src/board.o
 .group         0x0000000000000000        0xc projects/TP3/out/libs/board/edu_ciaa_nxp/src/board.o
 .group         0x0000000000000000        0xc projects/TP3/out/libs/board/edu_ciaa_nxp/src/board.o
 .group         0x0000000000000000        0xc projects/TP3/out/libs/board/edu_ciaa_nxp/src/board.o
 .group         0x0000000000000000        0xc projects/TP3/out/libs/board/edu_ciaa_nxp/src/board.o
 .group         0x0000000000000000        0xc projects/TP3/out/libs/board/edu_ciaa_nxp/src/board.o
 .group         0x0000000000000000        0xc projects/TP3/out/libs/board/edu_ciaa_nxp/src/board.o
 .group         0x0000000000000000        0xc projects/TP3/out/libs/board/edu_ciaa_nxp/src/board.o
 .group         0x0000000000000000        0xc projects/TP3/out/libs/board/edu_ciaa_nxp/src/board.o
 .group         0x0000000000000000        0xc projects/TP3/out/libs/board/edu_ciaa_nxp/src/board.o
 .group         0x0000000000000000        0xc projects/TP3/out/libs/board/edu_ciaa_nxp/src/board.o
 .group         0x0000000000000000        0xc projects/TP3/out/libs/board/edu_ciaa_nxp/src/board.o
 .group         0x0000000000000000        0xc projects/TP3/out/libs/board/edu_ciaa_nxp/src/board.o
 .group         0x0000000000000000        0xc projects/TP3/out/libs/board/edu_ciaa_nxp/src/board.o
 .group         0x0000000000000000        0xc projects/TP3/out/libs/board/edu_ciaa_nxp/src/board.o
 .group         0x0000000000000000        0xc projects/TP3/out/libs/board/edu_ciaa_nxp/src/board.o
 .group         0x0000000000000000        0xc projects/TP3/out/libs/board/edu_ciaa_nxp/src/board.o
 .group         0x0000000000000000        0xc projects/TP3/out/libs/board/edu_ciaa_nxp/src/board.o
 .group         0x0000000000000000        0xc projects/TP3/out/libs/board/edu_ciaa_nxp/src/board.o
 .group         0x0000000000000000        0xc projects/TP3/out/libs/board/edu_ciaa_nxp/src/board.o
 .group         0x0000000000000000        0xc projects/TP3/out/libs/board/edu_ciaa_nxp/src/board.o
 .group         0x0000000000000000        0xc projects/TP3/out/libs/board/edu_ciaa_nxp/src/board.o
 .group         0x0000000000000000        0xc projects/TP3/out/libs/board/edu_ciaa_nxp/src/board.o
 .group         0x0000000000000000        0xc projects/TP3/out/libs/board/edu_ciaa_nxp/src/board.o
 .group         0x0000000000000000        0xc projects/TP3/out/libs/board/edu_ciaa_nxp/src/board.o
[...]
Memory Configuration

Name             Origin             Length             Attributes
MFlashA512       0x000000001a000000 0x0000000000080000 xr
MFlashB512       0x000000001b000000 0x0000000000080000 xr
RamLoc32         0x0000000010000000 0x0000000000008000 xrw
RamLoc40         0x0000000010080000 0x000000000000a000 xrw
RamAHB32         0x0000000020000000 0x0000000000008000 xrw
RamAHB16         0x0000000020008000 0x0000000000004000 xrw
RamAHB_ETB16     0x000000002000c000 0x0000000000004000 xrw
*default*        0x0000000000000000 0xffffffffffffffff

Linker script and memory map

START GROUP
LOAD projects/TP3/out/libs/board/edu_ciaa_nxp/src/board.o
LOAD projects/TP3/out/libs/board/edu_ciaa_nxp/src/board_sysinit.o
LOAD projects/TP3/out/libs/board/lpc_chip_43xx/src/gpiogroup_18xx_43xx.o
LOAD projects/TP3/out/libs/board/lpc_chip_43xx/src/dac_18xx_43xx.o
LOAD projects/TP3/out/libs/board/lpc_chip_43xx/src/ritimer_18xx_43xx.o
LOAD projects/TP3/out/libs/board/lpc_chip_43xx/src/i2s_18xx_43xx.o
LOAD projects/TP3/out/libs/board/lpc_chip_43xx/src/lcd_18xx_43xx.o
LOAD projects/TP3/out/libs/board/lpc_chip_43xx/src/uart_18xx_43xx.o
LOAD projects/TP3/out/libs/board/lpc_chip_43xx/src/adc_18xx_43xx.o
LOAD projects/TP3/out/libs/board/lpc_chip_43xx/src/stopwatch_18xx_43xx.o
LOAD projects/TP3/out/libs/board/lpc_chip_43xx/src/ring_buffer.o
LOAD projects/TP3/out/libs/board/lpc_chip_43xx/src/wwdt_18xx_43xx.o
LOAD projects/TP3/out/libs/board/lpc_chip_43xx/src/clock_18xx_43xx.o
LOAD projects/TP3/out/libs/board/lpc_chip_43xx/src/ccan_18xx_43xx.o
LOAD projects/TP3/out/libs/board/lpc_chip_43xx/src/sdif_18xx_43xx.o
LOAD projects/TP3/out/libs/board/lpc_chip_43xx/src/chip_18xx_43xx.o
LOAD projects/TP3/out/libs/board/lpc_chip_43xx/src/pmc_18xx_43xx.o
LOAD projects/TP3/out/libs/board/lpc_chip_43xx/src/otp_18xx_43xx.o
LOAD projects/TP3/out/libs/board/lpc_chip_43xx/src/aes_18xx_43xx.o
LOAD projects/TP3/out/libs/board/lpc_chip_43xx/src/atimer_18xx_43xx.o
LOAD projects/TP3/out/libs/board/lpc_chip_43xx/src/timer_18xx_43xx.o
LOAD projects/TP3/out/libs/board/lpc_chip_43xx/src/iap_18xx_43xx.o
LOAD projects/TP3/out/libs/board/lpc_chip_43xx/src/i2cm_18xx_43xx.o
LOAD projects/TP3/out/libs/board/lpc_chip_43xx/src/pinint_18xx_43xx.o
LOAD projects/TP3/out/libs/board/lpc_chip_43xx/src/sdio_18xx_43xx.o
LOAD projects/TP3/out/libs/board/lpc_chip_43xx/src/eeprom_18xx_43xx.o
LOAD projects/TP3/out/libs/board/lpc_chip_43xx/src/rtc_18xx_43xx.o
LOAD projects/TP3/out/libs/board/lpc_chip_43xx/src/sct_18xx_43xx.o
LOAD projects/TP3/out/libs/board/lpc_chip_43xx/src/emc_18xx_43xx.o
LOAD projects/TP3/out/libs/board/lpc_chip_43xx/src/sdmmc_18xx_43xx.o
LOAD projects/TP3/out/libs/board/lpc_chip_43xx/src/spi_18xx_43xx.o
LOAD projects/TP3/out/libs/board/lpc_chip_43xx/src/gpio_18xx_43xx.o
LOAD projects/TP3/out/libs/board/lpc_chip_43xx/src/sysinit_18xx_43xx.o
LOAD projects/TP3/out/libs/board/lpc_chip_43xx/src/gpdma_18xx_43xx.o
LOAD projects/TP3/out/libs/board/lpc_chip_43xx/src/sct_pwm_18xx_43xx.o
LOAD projects/TP3/out/libs/board/lpc_chip_43xx/src/evrt_18xx_43xx.o
LOAD projects/TP3/out/libs/board/lpc_chip_43xx/src/enet_18xx_43xx.o
LOAD projects/TP3/out/libs/board/lpc_chip_43xx/src/ssp_18xx_43xx.o
LOAD projects/TP3/out/libs/board/lpc_chip_43xx/src/i2c_18xx_43xx.o
LOAD projects/TP3/out/libs/board/lpc_startup/src/crp.o
LOAD projects/TP3/out/libs/board/lpc_startup/src/sysinit.o
LOAD projects/TP3/out/libs/board/lpc_startup/src/vendor_interrupt.o
LOAD projects/TP3/out/libs/cmsis_core/src/armv7m_startup.o
END GROUP
LOAD /home/jpablo/fiuba/embebidos/CIAA_Software_1.1-linux-x64/tools/gcc-arm-embedded/bin/../lib/gcc/arm-none-eabi/8.2.1/../../../../arm-none-eabi/lib/thumb/v7e-m+fp/hard/libstdc++_nano.a
LOAD /home/jpablo/fiuba/embebidos/CIAA_Software_1.1-linux-x64/tools/gcc-arm-embedded/bin/../lib/gcc/arm-none-eabi/8.2.1/../../../../arm-none-eabi/lib/thumb/v7e-m+fp/hard/libm.a
START GROUP
LOAD /home/jpablo/fiuba/embebidos/CIAA_Software_1.1-linux-x64/tools/gcc-arm-embedded/bin/../lib/gcc/arm-none-eabi/8.2.1/thumb/v7e-m+fp/hard/libgcc.a
LOAD /home/jpablo/fiuba/embebidos/CIAA_Software_1.1-linux-x64/tools/gcc-arm-embedded/bin/../lib/gcc/arm-none-eabi/8.2.1/../../../../arm-none-eabi/lib/thumb/v7e-m+fp/hard/libc_nano.a
END GROUP
START GROUP
LOAD /home/jpablo/fiuba/embebidos/CIAA_Software_1.1-linux-x64/tools/gcc-arm-embedded/bin/../lib/gcc/arm-none-eabi/8.2.1/thumb/v7e-m+fp/hard/libgcc.a
LOAD /home/jpablo/fiuba/embebidos/CIAA_Software_1.1-linux-x64/tools/gcc-arm-embedded/bin/../lib/gcc/arm-none-eabi/8.2.1/../../../../arm-none-eabi/lib/thumb/v7e-m+fp/hard/libc_nano.a
END GROUP
                0x000000001a080000                __top_MFlashA512 = 0x1a080000
                0x000000001b080000                __top_MFlashB512 = 0x1b080000
                0x0000000010008000                __top_RamLoc32 = 0x10008000
                0x000000001008a000                __top_RamLoc40 = 0x1008a000
                0x0000000020008000                __top_RamAHB32 = 0x20008000
                0x000000002000c000                __top_RamAHB16 = 0x2000c000
                0x0000000020010000                __top_RamAHB_ETB16 = 0x20010000
START GROUP
LOAD /home/jpablo/fiuba/embebidos/CIAA_Software_1.1-linux-x64/tools/gcc-arm-embedded/bin/../lib/gcc/arm-none-eabi/8.2.1/thumb/v7e-m+fp/hard/libgcc.a
LOAD /home/jpablo/fiuba/embebidos/CIAA_Software_1.1-linux-x64/tools/gcc-arm-embedded/bin/../lib/gcc/arm-none-eabi/8.2.1/../../../../arm-none-eabi/lib/thumb/v7e-m+fp/hard/libc.a
LOAD /home/jpablo/fiuba/embebidos/CIAA_Software_1.1-linux-x64/tools/gcc-arm-embedded/bin/../lib/gcc/arm-none-eabi/8.2.1/../../../../arm-none-eabi/lib/thumb/v7e-m+fp/hard/libm.a
END GROUP

.text_Flash2    0x000000001b000000        0x0
 FILL mask 0xff
 *(.text_Flash2*)
 *(.text_MFlashB512*)
 *(.text.$Flash2*)
 *(.text.$MFlashB512*)
 *(.rodata.$Flash2*)
 *(.rodata.$MFlashB512*)

.text           0x000000001a000000     0x1540
 FILL mask 0xff
                0x000000001a000000                __vectors_start__ = ABSOLUTE (.)
 *(.isr_vector)
 .isr_vector    0x000000001a000000       0x40 projects/TP3/out/libs/cmsis_core/src/armv7m_startup.o
                0x000000001a000000                g_pfnVectors
 *(.isr_vendor_vector)
 .isr_vendor_vector
                0x000000001a000040       0xd4 projects/TP3/out/libs/board/lpc_startup/src/vendor_interrupt.o
                0x000000001a000040                g_pfnVendorVectors
                0x000000001a000114                . = ALIGN (0x4)
                0x000000001a000114                __section_table_start = .
                0x000000001a000114                __data_section_table = .
                0x000000001a000114        0x4 LONG 0x1a001548 LOADADDR (.data)
                0x000000001a000118        0x4 LONG 0x10000000 ADDR (.data)
                0x000000001a00011c        0x4 LONG 0x38 SIZEOF (.data)
                0x000000001a000120        0x4 LONG 0x1a001548 LOADADDR (.data_RAM2)
                0x000000001a000124        0x4 LONG 0x10080000 ADDR (.data_RAM2)
                0x000000001a000128        0x4 LONG 0x0 SIZEOF (.data_RAM2)
                0x000000001a00012c        0x4 LONG 0x1a001548 LOADADDR (.data_RAM3)
                0x000000001a000130        0x4 LONG 0x20000000 ADDR (.data_RAM3)
                0x000000001a000134        0x4 LONG 0x0 SIZEOF (.data_RAM3)
                0x000000001a000138        0x4 LONG 0x1a001548 LOADADDR (.data_RAM4)
                0x000000001a00013c        0x4 LONG 0x20008000 ADDR (.data_RAM4)
                0x000000001a000140        0x4 LONG 0x0 SIZEOF (.data_RAM4)
                0x000000001a000144        0x4 LONG 0x1a001548 LOADADDR (.data_RAM5)
                0x000000001a000148        0x4 LONG 0x2000c000 ADDR (.data_RAM5)
                0x000000001a00014c        0x4 LONG 0x0 SIZEOF (.data_RAM5)
                0x000000001a000150                __data_section_table_end = .
                0x000000001a000150                __bss_section_table = .
                0x000000001a000150        0x4 LONG 0x10000038 ADDR (.bss)
                0x000000001a000154        0x4 LONG 0xc SIZEOF (.bss)
                0x000000001a000158        0x4 LONG 0x10080000 ADDR (.bss_RAM2)
                0x000000001a00015c        0x4 LONG 0x0 SIZEOF (.bss_RAM2)
                0x000000001a000160        0x4 LONG 0x20000000 ADDR (.bss_RAM3)
                0x000000001a000164        0x4 LONG 0x0 SIZEOF (.bss_RAM3)
                0x000000001a000168        0x4 LONG 0x20008000 ADDR (.bss_RAM4)
                0x000000001a00016c        0x4 LONG 0x0 SIZEOF (.bss_RAM4)
                0x000000001a000170        0x4 LONG 0x2000c000 ADDR (.bss_RAM5)
                0x000000001a000174        0x4 LONG 0x0 SIZEOF (.bss_RAM5)
                0x000000001a000178                __bss_section_table_end = .
                0x000000001a000178                __section_table_end = .
 *(.after_vectors*)
 .after_vectors
                0x000000001a000178        0x2 projects/TP3/out/libs/board/lpc_startup/src/vendor_interrupt.o
                0x000000001a000178                TIMER2_IRQHandler
                0x000000001a000178                RIT_IRQHandler
                0x000000001a000178                ADCHS_IRQHandler
                0x000000001a000178                FLASH_EEPROM_IRQHandler
                0x000000001a000178                I2C0_IRQHandler
                0x000000001a000178                SDIO_IRQHandler
                0x000000001a000178                ATIMER_IRQHandler
                0x000000001a000178                I2C1_IRQHandler
                0x000000001a000178                UART1_IRQHandler
                0x000000001a000178                GPIO5_IRQHandler
                0x000000001a000178                CAN1_IRQHandler
                0x000000001a000178                USB1_IRQHandler
                0x000000001a000178                I2S0_IRQHandler
                0x000000001a000178                TIMER3_IRQHandler
                0x000000001a000178                UART0_IRQHandler
                0x000000001a000178                SGPIO_IRQHandler
                0x000000001a000178                ADC0_IRQHandler
                0x000000001a000178                GPIO6_IRQHandler
                0x000000001a000178                IntDefaultHandler
                0x000000001a000178                GPIO1_IRQHandler
                0x000000001a000178                SSP0_IRQHandler
                0x000000001a000178                ADC1_IRQHandler
                0x000000001a000178                RTC_IRQHandler
                0x000000001a000178                TIMER0_IRQHandler
                0x000000001a000178                SPI_IRQHandler
                0x000000001a000178                LCD_IRQHandler
                0x000000001a000178                TIMER1_IRQHandler
                0x000000001a000178                UART2_IRQHandler
                0x000000001a000178                GPIO2_IRQHandler
                0x000000001a000178                I2S1_IRQHandler
                0x000000001a000178                SSP1_IRQHandler
                0x000000001a000178                USB0_IRQHandler
                0x000000001a000178                GPIO3_IRQHandler
                0x000000001a000178                SCT_IRQHandler
                0x000000001a000178                WDT_IRQHandler
                0x000000001a000178                GPIO7_IRQHandler
                0x000000001a000178                SPIFI_IRQHandler
                0x000000001a000178                QEI_IRQHandler
                0x000000001a000178                ETH_IRQHandler
                0x000000001a000178                CAN0_IRQHandler
                0x000000001a000178                GINT0_IRQHandler
                0x000000001a000178                DAC_IRQHandler
                0x000000001a000178                M0SUB_IRQHandler
                0x000000001a000178                GPIO0_IRQHandler
                0x000000001a000178                DMA_IRQHandler
                0x000000001a000178                EVRT_IRQHandler
                0x000000001a000178                UART3_IRQHandler
                0x000000001a000178                MCPWM_IRQHandler
                0x000000001a000178                M0APP_IRQHandler
                0x000000001a000178                GINT1_IRQHandler
                0x000000001a000178                GPIO4_IRQHandler
 .after_vectors
                0x000000001a00017a       0x42 projects/TP3/out/libs/cmsis_core/src/armv7m_startup.o
                0x000000001a00017a                NMI_Handler
                0x000000001a00017c                HardFault_Handler
                0x000000001a00017e                MemManage_Handler
                0x000000001a000180                BusFault_Handler
                0x000000001a000182                UsageFault_Handler
                0x000000001a000184                SVC_Handler
                0x000000001a000186                DebugMon_Handler
                0x000000001a000188                PendSV_Handler
                0x000000001a00018a                SysTick_Handler
                0x000000001a00018c                data_init
                0x000000001a0001aa                bss_init
                0x00000000000002fc                . = 0x2fc
 *fill*         0x000000001a0001bc      0x140 ff
                0x000000001a0002fc                PROVIDE (__CRP_WORD_START__ = .)
 *(.crp)
 .crp           0x000000001a0002fc        0x4 projects/TP3/out/libs/board/lpc_startup/src/crp.o
                0x000000001a0002fc                CRP_WORD
                0x000000001a000300                PROVIDE (__CRP_WORD_END__ = .)
                0x0000000000000001                ASSERT (! ((__CRP_WORD_START__ == __CRP_WORD_END__)), Linker CRP Enabled, but no CRP_WORD provided within application)
 *(.text*)
 .text.Board_LED_Init
                0x000000001a000300       0x44 projects/TP3/out/libs/board/edu_ciaa_nxp/src/board.o
 .text.Board_TEC_Init
                0x000000001a000344       0x40 projects/TP3/out/libs/board/edu_ciaa_nxp/src/board.o
 .text.Board_GPIO_Init
                0x000000001a000384       0x40 projects/TP3/out/libs/board/edu_ciaa_nxp/src/board.o
 .text.Board_ADC_Init
                0x000000001a0003c4       0x30 projects/TP3/out/libs/board/edu_ciaa_nxp/src/board.o
 .text.Board_SPI_Init
                0x000000001a0003f4       0x38 projects/TP3/out/libs/board/edu_ciaa_nxp/src/board.o
 .text.Board_I2C_Init
                0x000000001a00042c       0x24 projects/TP3/out/libs/board/edu_ciaa_nxp/src/board.o
 .text.Board_Debug_Init
                0x000000001a000450       0x24 projects/TP3/out/libs/board/edu_ciaa_nxp/src/board.o
                0x000000001a000450                Board_Debug_Init
 .text.Board_Init
                0x000000001a000474       0x30 projects/TP3/out/libs/board/edu_ciaa_nxp/src/board.o
                0x000000001a000474                Board_Init
 .text.Board_SetupMuxing
                0x000000001a0004a4       0x38 projects/TP3/out/libs/board/edu_ciaa_nxp/src/board_sysinit.o
                0x000000001a0004a4                Board_SetupMuxing
 .text.Board_SetupClocking
                0x000000001a0004dc       0x6c projects/TP3/out/libs/board/edu_ciaa_nxp/src/board_sysinit.o
                0x000000001a0004dc                Board_SetupClocking
 .text.Board_SystemInit
                0x000000001a000548        0xc projects/TP3/out/libs/board/edu_ciaa_nxp/src/board_sysinit.o
                0x000000001a000548                Board_SystemInit
 .text.Chip_UART_GetIndex
                0x000000001a000554       0x2c projects/TP3/out/libs/board/lpc_chip_43xx/src/uart_18xx_43xx.o
 .text.Chip_UART_Init
                0x000000001a000580       0x54 projects/TP3/out/libs/board/lpc_chip_43xx/src/uart_18xx_43xx.o
                0x000000001a000580                Chip_UART_Init
 .text.Chip_UART_SetBaudFDR
                0x000000001a0005d4       0xdc projects/TP3/out/libs/board/lpc_chip_43xx/src/uart_18xx_43xx.o
                0x000000001a0005d4                Chip_UART_SetBaudFDR
 .text.Chip_ADC_GetClockIndex
                0x000000001a0006b0       0x14 projects/TP3/out/libs/board/lpc_chip_43xx/src/adc_18xx_43xx.o
 .text.getClkDiv
                0x000000001a0006c4       0x32 projects/TP3/out/libs/board/lpc_chip_43xx/src/adc_18xx_43xx.o
 *fill*         0x000000001a0006f6        0x2 ff
 .text.Chip_ADC_Init
                0x000000001a0006f8       0x40 projects/TP3/out/libs/board/lpc_chip_43xx/src/adc_18xx_43xx.o
                0x000000001a0006f8                Chip_ADC_Init
 .text.Chip_ADC_SetSampleRate
                0x000000001a000738       0x32 projects/TP3/out/libs/board/lpc_chip_43xx/src/adc_18xx_43xx.o
                0x000000001a000738                Chip_ADC_SetSampleRate
 .text.Chip_ADC_SetResolution
                0x000000001a00076a        0xc projects/TP3/out/libs/board/lpc_chip_43xx/src/adc_18xx_43xx.o
                0x000000001a00076a                Chip_ADC_SetResolution
 *fill*         0x000000001a000776        0x2 ff
 .text.pll_calc_divs
                0x000000001a000778       0xa0 projects/TP3/out/libs/board/lpc_chip_43xx/src/clock_18xx_43xx.o
 .text.pll_get_frac
                0x000000001a000818      0x10c projects/TP3/out/libs/board/lpc_chip_43xx/src/clock_18xx_43xx.o
 .text.Chip_Clock_FindBaseClock
                0x000000001a000924       0x4c projects/TP3/out/libs/board/lpc_chip_43xx/src/clock_18xx_43xx.o
 .text.Chip_Clock_EnableCrystal
                0x000000001a000970       0x4c projects/TP3/out/libs/board/lpc_chip_43xx/src/clock_18xx_43xx.o
                0x000000001a000970                Chip_Clock_EnableCrystal
 .text.Chip_Clock_GetDividerSource
                0x000000001a0009bc       0x1c projects/TP3/out/libs/board/lpc_chip_43xx/src/clock_18xx_43xx.o
                0x000000001a0009bc                Chip_Clock_GetDividerSource
 .text.Chip_Clock_GetDividerDivisor
                0x000000001a0009d8       0x1c projects/TP3/out/libs/board/lpc_chip_43xx/src/clock_18xx_43xx.o
                0x000000001a0009d8                Chip_Clock_GetDividerDivisor
 .text.Chip_Clock_GetClockInputHz
                0x000000001a0009f4       0xb8 projects/TP3/out/libs/board/lpc_chip_43xx/src/clock_18xx_43xx.o
                0x000000001a0009f4                Chip_Clock_GetClockInputHz
 .text.Chip_Clock_CalcMainPLLValue
                0x000000001a000aac       0x80 projects/TP3/out/libs/board/lpc_chip_43xx/src/clock_18xx_43xx.o
                0x000000001a000aac                Chip_Clock_CalcMainPLLValue
 .text.Chip_Clock_GetMainPLLHz
                0x000000001a000b2c       0x6c projects/TP3/out/libs/board/lpc_chip_43xx/src/clock_18xx_43xx.o
                0x000000001a000b2c                Chip_Clock_GetMainPLLHz
 .text.Chip_Clock_GetDivRate
                0x000000001a000b98       0x22 projects/TP3/out/libs/board/lpc_chip_43xx/src/clock_18xx_43xx.o
 *fill*         0x000000001a000bba        0x2 ff
 .text.Chip_Clock_SetBaseClock
                0x000000001a000bbc       0x58 projects/TP3/out/libs/board/lpc_chip_43xx/src/clock_18xx_43xx.o
                0x000000001a000bbc                Chip_Clock_SetBaseClock
 .text.Chip_Clock_GetBaseClock
                0x000000001a000c14       0x26 projects/TP3/out/libs/board/lpc_chip_43xx/src/clock_18xx_43xx.o
                0x000000001a000c14                Chip_Clock_GetBaseClock
 .text.Chip_Clock_GetBaseClocktHz
                0x000000001a000c3a        0xc projects/TP3/out/libs/board/lpc_chip_43xx/src/clock_18xx_43xx.o
                0x000000001a000c3a                Chip_Clock_GetBaseClocktHz
 *fill*         0x000000001a000c46        0x2 ff
 .text.Chip_Clock_EnableOpts
                0x000000001a000c48       0x3c projects/TP3/out/libs/board/lpc_chip_43xx/src/clock_18xx_43xx.o
                0x000000001a000c48                Chip_Clock_EnableOpts
 .text.Chip_Clock_Enable
                0x000000001a000c84       0x34 projects/TP3/out/libs/board/lpc_chip_43xx/src/clock_18xx_43xx.o
                0x000000001a000c84                Chip_Clock_Enable
 .text.Chip_Clock_GetRate
                0x000000001a000cb8       0x4c projects/TP3/out/libs/board/lpc_chip_43xx/src/clock_18xx_43xx.o
                0x000000001a000cb8                Chip_Clock_GetRate
 .text.SystemCoreClockUpdate
                0x000000001a000d04       0x14 projects/TP3/out/libs/board/lpc_chip_43xx/src/chip_18xx_43xx.o
                0x000000001a000d04                SystemCoreClockUpdate
 .text.Chip_GPIO_Init
                0x000000001a000d18        0x2 projects/TP3/out/libs/board/lpc_chip_43xx/src/gpio_18xx_43xx.o
                0x000000001a000d18                Chip_GPIO_Init
 *fill*         0x000000001a000d1a        0x2 ff
 .text.Chip_SetupCoreClock
                0x000000001a000d1c      0x158 projects/TP3/out/libs/board/lpc_chip_43xx/src/sysinit_18xx_43xx.o
                0x000000001a000d1c                Chip_SetupCoreClock
 .text.Chip_SSP_GetClockIndex
                0x000000001a000e74       0x14 projects/TP3/out/libs/board/lpc_chip_43xx/src/ssp_18xx_43xx.o
 .text.Chip_SSP_GetPeriphClockIndex
                0x000000001a000e88       0x18 projects/TP3/out/libs/board/lpc_chip_43xx/src/ssp_18xx_43xx.o
 .text.Chip_SSP_SetClockRate
                0x000000001a000ea0       0x12 projects/TP3/out/libs/board/lpc_chip_43xx/src/ssp_18xx_43xx.o
                0x000000001a000ea0                Chip_SSP_SetClockRate
 .text.Chip_SSP_SetBitRate
                0x000000001a000eb2       0x3e projects/TP3/out/libs/board/lpc_chip_43xx/src/ssp_18xx_43xx.o
                0x000000001a000eb2                Chip_SSP_SetBitRate
 .text.Chip_SSP_Init
                0x000000001a000ef0       0x38 projects/TP3/out/libs/board/lpc_chip_43xx/src/ssp_18xx_43xx.o
                0x000000001a000ef0                Chip_SSP_Init
 .text.Chip_I2C_EventHandler
                0x000000001a000f28       0x20 projects/TP3/out/libs/board/lpc_chip_43xx/src/i2c_18xx_43xx.o
                0x000000001a000f28                Chip_I2C_EventHandler
 .text.Chip_I2C_Init
                0x000000001a000f48       0x24 projects/TP3/out/libs/board/lpc_chip_43xx/src/i2c_18xx_43xx.o
                0x000000001a000f48                Chip_I2C_Init
 .text.Chip_I2C_SetClockRate
                0x000000001a000f6c       0x38 projects/TP3/out/libs/board/lpc_chip_43xx/src/i2c_18xx_43xx.o
                0x000000001a000f6c                Chip_I2C_SetClockRate
 .text.SystemInit
                0x000000001a000fa4       0x38 projects/TP3/out/libs/board/lpc_startup/src/sysinit.o
                0x000000001a000fa4                SystemInit
 .text.initialise_monitor_handles
                0x000000001a000fdc        0x2 projects/TP3/out/libs/cmsis_core/src/armv7m_startup.o
                0x000000001a000fdc                initialise_monitor_handles
 *fill*         0x000000001a000fde        0x2 ff
 .text.Reset_Handler
                0x000000001a000fe0       0x88 projects/TP3/out/libs/cmsis_core/src/armv7m_startup.o
                0x000000001a000fe0                Reset_Handler
 .text._fini    0x000000001a001068        0x2 projects/TP3/out/libs/cmsis_core/src/armv7m_startup.o
                0x000000001a001068                _fini
 .text._init    0x000000001a00106a        0x2 projects/TP3/out/libs/cmsis_core/src/armv7m_startup.o
                0x000000001a00106a                _init
 .text          0x000000001a00106c       0x30 /home/jpablo/fiuba/embebidos/CIAA_Software_1.1-linux-x64/tools/gcc-arm-embedded/bin/../lib/gcc/arm-none-eabi/8.2.1/thumb/v7e-m+fp/hard/libgcc.a(_aeabi_uldivmod.o)
                0x000000001a00106c                __aeabi_uldivmod
 .text.__udivmoddi4
                0x000000001a00109c      0x2d0 /home/jpablo/fiuba/embebidos/CIAA_Software_1.1-linux-x64/tools/gcc-arm-embedded/bin/../lib/gcc/arm-none-eabi/8.2.1/thumb/v7e-m+fp/hard/libgcc.a(_udivmoddi4.o)
                0x000000001a00109c                __udivmoddi4
 .text          0x000000001a00136c        0x4 /home/jpablo/fiuba/embebidos/CIAA_Software_1.1-linux-x64/tools/gcc-arm-embedded/bin/../lib/gcc/arm-none-eabi/8.2.1/thumb/v7e-m+fp/hard/libgcc.a(_dvmd_tls.o)
                0x000000001a00136c                __aeabi_ldiv0
                0x000000001a00136c                __aeabi_idiv0
 .text.__libc_init_array
                0x000000001a001370       0x48 /home/jpablo/fiuba/embebidos/CIAA_Software_1.1-linux-x64/tools/gcc-arm-embedded/bin/../lib/gcc/arm-none-eabi/8.2.1/../../../../arm-none-eabi/lib/thumb/v7e-m+fp/hard/libc_nano.a(lib_a-init.o)
                0x000000001a001370                __libc_init_array
 .text.memset   0x000000001a0013b8       0x10 /home/jpablo/fiuba/embebidos/CIAA_Software_1.1-linux-x64/tools/gcc-arm-embedded/bin/../lib/gcc/arm-none-eabi/8.2.1/../../../../arm-none-eabi/lib/thumb/v7e-m+fp/hard/libc_nano.a(lib_a-memset.o)
                0x000000001a0013b8                memset
 *(.rodata .rodata.* .constdata .constdata.*)
 .rodata.ExtRateIn
                0x000000001a0013c8        0x4 projects/TP3/out/libs/board/edu_ciaa_nxp/src/board.o
                0x000000001a0013c8                ExtRateIn
 .rodata.GpioButtons
                0x000000001a0013cc        0x8 projects/TP3/out/libs/board/edu_ciaa_nxp/src/board.o
 .rodata.GpioLeds
                0x000000001a0013d4        0xc projects/TP3/out/libs/board/edu_ciaa_nxp/src/board.o
 .rodata.GpioPorts
                0x000000001a0013e0       0x12 projects/TP3/out/libs/board/edu_ciaa_nxp/src/board.o
 *fill*         0x000000001a0013f2        0x2 ff
 .rodata.OscRateIn
                0x000000001a0013f4        0x4 projects/TP3/out/libs/board/edu_ciaa_nxp/src/board.o
                0x000000001a0013f4                OscRateIn
 .rodata.InitClkStates
                0x000000001a0013f8        0x4 projects/TP3/out/libs/board/edu_ciaa_nxp/src/board_sysinit.o
 .rodata.pinmuxing
                0x000000001a0013fc       0x74 projects/TP3/out/libs/board/edu_ciaa_nxp/src/board_sysinit.o
 .rodata.UART_BClock
                0x000000001a001470        0x8 projects/TP3/out/libs/board/lpc_chip_43xx/src/uart_18xx_43xx.o
 .rodata.UART_PClock
                0x000000001a001478        0x8 projects/TP3/out/libs/board/lpc_chip_43xx/src/uart_18xx_43xx.o
 .rodata        0x000000001a001480        0x4 projects/TP3/out/libs/board/lpc_chip_43xx/src/clock_18xx_43xx.o
 .rodata.Chip_Clock_SetDivider.str1.4
                0x000000001a001484        0x8 projects/TP3/out/libs/board/lpc_chip_43xx/src/clock_18xx_43xx.o
                                          0x6 (size before relaxing)
 .rodata.periph_to_base
                0x000000001a00148c       0x6c projects/TP3/out/libs/board/lpc_chip_43xx/src/clock_18xx_43xx.o
 .rodata.InitClkStates
                0x000000001a0014f8       0x48 projects/TP3/out/libs/board/lpc_chip_43xx/src/sysinit_18xx_43xx.o
                0x000000001a001540                . = ALIGN (0x4)

.glue_7         0x000000001a001540        0x0
 .glue_7        0x000000001a001540        0x0 linker stubs

.glue_7t        0x000000001a001540        0x0
 .glue_7t       0x000000001a001540        0x0 linker stubs

.vfp11_veneer   0x000000001a001540        0x0
 .vfp11_veneer  0x000000001a001540        0x0 linker stubs

.v4_bx          0x000000001a001540        0x0
 .v4_bx         0x000000001a001540        0x0 linker stubs

.iplt           0x000000001a001540        0x0
 .iplt          0x000000001a001540        0x0 projects/TP3/out/libs/board/edu_ciaa_nxp/src/board.o
                0x000000001a001540                . = ALIGN (0x4)

.preinit_array  0x000000001a001540        0x0
                0x000000001a001540                PROVIDE (__preinit_array_start = .)
 *(.preinit_array*)
                0x000000001a001540                PROVIDE (__preinit_array_end = .)

.init_array     0x000000001a001540        0x0
                0x000000001a001540                PROVIDE (__init_array_start = .)
 *(SORT_BY_NAME(.init_array.*))
 *(.init_array*)
                0x000000001a001540                PROVIDE (__init_array_end = .)
                0x000000001a001540                . = ALIGN (0x4)

.ARM.extab
 *(.ARM.extab* .gnu.linkonce.armextab.*)
                0x000000001a001540                __exidx_start = .

.ARM.exidx      0x000000001a001540        0x8
 *(.ARM.exidx* .gnu.linkonce.armexidx.*)
 .ARM.exidx.text.__udivmoddi4
                0x000000001a001540        0x8 /home/jpablo/fiuba/embebidos/CIAA_Software_1.1-linux-x64/tools/gcc-arm-embedded/bin/../lib/gcc/arm-none-eabi/8.2.1/thumb/v7e-m+fp/hard/libgcc.a(_udivmoddi4.o)
                0x000000001a001548                __exidx_end = .
                0x000000001a001548                _etext = .

.rel.dyn        0x000000001a001548        0x0
 .rel.iplt      0x000000001a001548        0x0 projects/TP3/out/libs/board/edu_ciaa_nxp/src/board.o

.data_RAM2      0x0000000010080000        0x0 load address 0x000000001a001548
 FILL mask 0xff
 *(.ramfunc.$RAM2)
 *(.ramfunc.$RamLoc40)
 *(.data.$RAM2*)
 *(.data.$RamLoc40*)
                0x0000000010080000                . = ALIGN (0x4)

.data_RAM3      0x0000000020000000        0x0 load address 0x000000001a001548
 FILL mask 0xff
 *(.ramfunc.$RAM3)
 *(.ramfunc.$RamAHB32)
 *(.data.$RAM3*)
 *(.data.$RamAHB32*)
                0x0000000020000000                . = ALIGN (0x4)

.data_RAM4      0x0000000020008000        0x0 load address 0x000000001a001548
 FILL mask 0xff
 *(.ramfunc.$RAM4)
 *(.ramfunc.$RamAHB16)
 *(.data.$RAM4*)
 *(.data.$RamAHB16*)
                0x0000000020008000                . = ALIGN (0x4)

.data_RAM5      0x000000002000c000        0x0 load address 0x000000001a001548
 FILL mask 0xff
 *(.ramfunc.$RAM5)
 *(.ramfunc.$RamAHB_ETB16)
 *(.data.$RAM5*)
 *(.data.$RamAHB_ETB16*)
                0x000000002000c000                . = ALIGN (0x4)

.uninit_RESERVED
                0x0000000010000000        0x0
 *(.bss.$RESERVED*)
                0x0000000010000000                . = ALIGN (0x4)
                0x0000000010000000                _end_uninit_RESERVED = .

.data           0x0000000010000000       0x38 load address 0x000000001a001548
 FILL mask 0xff
                0x0000000010000000                _data = .
 *(vtable)
 *(.ramfunc*)
 *(.data*)
 .data.i2c      0x0000000010000000       0x38 projects/TP3/out/libs/board/lpc_chip_43xx/src/i2c_18xx_43xx.o
                0x0000000010000038                . = ALIGN (0x4)
                0x0000000010000038                _edata = .

.igot.plt       0x0000000010000038        0x0 load address 0x000000001a001580
 .igot.plt      0x0000000010000038        0x0 projects/TP3/out/libs/board/edu_ciaa_nxp/src/board.o

.bss_RAM2       0x0000000010080000        0x0
 *(.bss.$RAM2*)
 *(.bss.$RamLoc40*)
                0x0000000010080000                . = ALIGN (0x4)

.bss_RAM3       0x0000000020000000        0x0
 *(.bss.$RAM3*)
 *(.bss.$RamAHB32*)
                0x0000000020000000                . = ALIGN (0x4)

.bss_RAM4       0x0000000020008000        0x0
 *(.bss.$RAM4*)
 *(.bss.$RamAHB16*)
                0x0000000020008000                . = ALIGN (0x4)

.bss_RAM5       0x000000002000c000        0x0
 *(.bss.$RAM5*)
 *(.bss.$RamAHB_ETB16*)
                0x000000002000c000                . = ALIGN (0x4)

.bss            0x0000000010000038        0xc
                0x0000000010000038                _bss = .
 *(.bss*)
 .bss.audio_usb_pll_freq
                0x0000000010000038        0x8 projects/TP3/out/libs/board/lpc_chip_43xx/src/clock_18xx_43xx.o
 *(COMMON)
 COMMON         0x0000000010000040        0x4 projects/TP3/out/libs/board/lpc_chip_43xx/src/chip_18xx_43xx.o
                0x0000000010000040                SystemCoreClock
                0x0000000010000044                . = ALIGN (0x4)
                0x0000000010000044                _ebss = .
                [!provide]                        PROVIDE (end = .)

.noinit_RAM2    0x0000000010080000        0x0
 *(.noinit.$RAM2*)
 *(.noinit.$RamLoc40*)
                0x0000000010080000                . = ALIGN (0x4)

.noinit_RAM3    0x0000000020000000        0x0
 *(.noinit.$RAM3*)
 *(.noinit.$RamAHB32*)
                0x0000000020000000                . = ALIGN (0x4)

.noinit_RAM4    0x0000000020008000        0x0
 *(.noinit.$RAM4*)
 *(.noinit.$RamAHB16*)
                0x0000000020008000                . = ALIGN (0x4)

.noinit_RAM5    0x000000002000c000        0x0
 *(.noinit.$RAM5*)
 *(.noinit.$RamAHB_ETB16*)
                0x000000002000c000                . = ALIGN (0x4)

.noinit         0x0000000010000044        0x0
                0x0000000010000044                _noinit = .
 *(.noinit*)
                0x0000000010000044                . = ALIGN (0x4)
                0x0000000010000044                _end_noinit = .
                [!provide]                        PROVIDE (_pvHeapStart = .)
                0x0000000010008000                PROVIDE (_vStackTop = (__top_RamLoc32 - 0x0))
                0xffffffff53ff68a4                PROVIDE (__valid_user_code_checksum = (0x0 - ((((((_vStackTop + (Reset_Handler + 0x1)) + (NMI_Handler + 0x1)) + (HardFault_Handler + 0x1)) + (DEFINED (MemManage_Handler)?MemManage_Handler:0x0 + 0x1)) + (DEFINED (BusFault_Handler)?BusFault_Handler:0x0 + 0x1)) + (DEFINED (UsageFault_Handler)?UsageFault_Handler:0x0 + 0x1))))
OUTPUT(projects/TP3/out/TP3.elf elf32-littlearm)

.debug_info     0x0000000000000000     0xd52c
 .debug_info    0x0000000000000000     0x23f7 projects/TP3/out/libs/board/edu_ciaa_nxp/src/board.o
 .debug_info    0x00000000000023f7     0x15d2 projects/TP3/out/libs/board/edu_ciaa_nxp/src/board_sysinit.o
 .debug_info    0x00000000000039c9     0x1981 projects/TP3/out/libs/board/lpc_chip_43xx/src/uart_18xx_43xx.o
 .debug_info    0x000000000000534a      0xc0c projects/TP3/out/libs/board/lpc_chip_43xx/src/adc_18xx_43xx.o
 .debug_info    0x0000000000005f56     0x1b68 projects/TP3/out/libs/board/lpc_chip_43xx/src/clock_18xx_43xx.o
 .debug_info    0x0000000000007abe      0xc97 projects/TP3/out/libs/board/lpc_chip_43xx/src/chip_18xx_43xx.o
 .debug_info    0x0000000000008755      0x232 projects/TP3/out/libs/board/lpc_chip_43xx/src/gpio_18xx_43xx.o
 .debug_info    0x0000000000008987      0xb39 projects/TP3/out/libs/board/lpc_chip_43xx/src/sysinit_18xx_43xx.o
 .debug_info    0x00000000000094c0     0x1a33 projects/TP3/out/libs/board/lpc_chip_43xx/src/ssp_18xx_43xx.o
 .debug_info    0x000000000000aef3     0x159b projects/TP3/out/libs/board/lpc_chip_43xx/src/i2c_18xx_43xx.o
 .debug_info    0x000000000000c48e       0x40 projects/TP3/out/libs/board/lpc_startup/src/crp.o
 .debug_info    0x000000000000c4ce      0xc8b projects/TP3/out/libs/board/lpc_startup/src/sysinit.o
 .debug_info    0x000000000000d159       0x76 projects/TP3/out/libs/board/lpc_startup/src/vendor_interrupt.o
 .debug_info    0x000000000000d1cf      0x35d projects/TP3/out/libs/cmsis_core/src/armv7m_startup.o

.debug_abbrev   0x0000000000000000     0x234f
 .debug_abbrev  0x0000000000000000      0x512 projects/TP3/out/libs/board/edu_ciaa_nxp/src/board.o
 .debug_abbrev  0x0000000000000512      0x352 projects/TP3/out/libs/board/edu_ciaa_nxp/src/board_sysinit.o
 .debug_abbrev  0x0000000000000864      0x42c projects/TP3/out/libs/board/lpc_chip_43xx/src/uart_18xx_43xx.o
 .debug_abbrev  0x0000000000000c90      0x219 projects/TP3/out/libs/board/lpc_chip_43xx/src/adc_18xx_43xx.o
 .debug_abbrev  0x0000000000000ea9      0x3ef projects/TP3/out/libs/board/lpc_chip_43xx/src/clock_18xx_43xx.o
 .debug_abbrev  0x0000000000001298      0x1ee projects/TP3/out/libs/board/lpc_chip_43xx/src/chip_18xx_43xx.o
 .debug_abbrev  0x0000000000001486      0x114 projects/TP3/out/libs/board/lpc_chip_43xx/src/gpio_18xx_43xx.o
 .debug_abbrev  0x000000000000159a      0x245 projects/TP3/out/libs/board/lpc_chip_43xx/src/sysinit_18xx_43xx.o
 .debug_abbrev  0x00000000000017df      0x38a projects/TP3/out/libs/board/lpc_chip_43xx/src/ssp_18xx_43xx.o
 .debug_abbrev  0x0000000000001b69      0x3af projects/TP3/out/libs/board/lpc_chip_43xx/src/i2c_18xx_43xx.o
 .debug_abbrev  0x0000000000001f18       0x38 projects/TP3/out/libs/board/lpc_startup/src/crp.o
 .debug_abbrev  0x0000000000001f50      0x260 projects/TP3/out/libs/board/lpc_startup/src/sysinit.o
 .debug_abbrev  0x00000000000021b0       0x78 projects/TP3/out/libs/board/lpc_startup/src/vendor_interrupt.o
 .debug_abbrev  0x0000000000002228      0x127 projects/TP3/out/libs/cmsis_core/src/armv7m_startup.o

.debug_loc      0x0000000000000000     0x55ab
 .debug_loc     0x0000000000000000      0x659 projects/TP3/out/libs/board/edu_ciaa_nxp/src/board.o
 .debug_loc     0x0000000000000659      0x10f projects/TP3/out/libs/board/edu_ciaa_nxp/src/board_sysinit.o
 .debug_loc     0x0000000000000768      0xf38 projects/TP3/out/libs/board/lpc_chip_43xx/src/uart_18xx_43xx.o
 .debug_loc     0x00000000000016a0      0x738 projects/TP3/out/libs/board/lpc_chip_43xx/src/adc_18xx_43xx.o
 .debug_loc     0x0000000000001dd8     0x1505 projects/TP3/out/libs/board/lpc_chip_43xx/src/clock_18xx_43xx.o
 .debug_loc     0x00000000000032dd      0x1e2 projects/TP3/out/libs/board/lpc_chip_43xx/src/sysinit_18xx_43xx.o
 .debug_loc     0x00000000000034bf      0xfd3 projects/TP3/out/libs/board/lpc_chip_43xx/src/ssp_18xx_43xx.o
 .debug_loc     0x0000000000004492      0xe82 projects/TP3/out/libs/board/lpc_chip_43xx/src/i2c_18xx_43xx.o
 .debug_loc     0x0000000000005314       0x15 projects/TP3/out/libs/board/lpc_startup/src/sysinit.o
 .debug_loc     0x0000000000005329      0x282 projects/TP3/out/libs/cmsis_core/src/armv7m_startup.o

.debug_aranges  0x0000000000000000      0x648
 .debug_aranges
                0x0000000000000000       0xc0 projects/TP3/out/libs/board/edu_ciaa_nxp/src/board.o
 .debug_aranges
                0x00000000000000c0       0x30 projects/TP3/out/libs/board/edu_ciaa_nxp/src/board_sysinit.o
 .debug_aranges
                0x00000000000000f0       0xa8 projects/TP3/out/libs/board/lpc_chip_43xx/src/uart_18xx_43xx.o
 .debug_aranges
                0x0000000000000198       0x90 projects/TP3/out/libs/board/lpc_chip_43xx/src/adc_18xx_43xx.o
 .debug_aranges
                0x0000000000000228      0x128 projects/TP3/out/libs/board/lpc_chip_43xx/src/clock_18xx_43xx.o
 .debug_aranges
                0x0000000000000350       0x38 projects/TP3/out/libs/board/lpc_chip_43xx/src/chip_18xx_43xx.o
 .debug_aranges
                0x0000000000000388       0x28 projects/TP3/out/libs/board/lpc_chip_43xx/src/gpio_18xx_43xx.o
 .debug_aranges
                0x00000000000003b0       0x38 projects/TP3/out/libs/board/lpc_chip_43xx/src/sysinit_18xx_43xx.o
 .debug_aranges
                0x00000000000003e8       0xa0 projects/TP3/out/libs/board/lpc_chip_43xx/src/ssp_18xx_43xx.o
 .debug_aranges
                0x0000000000000488       0xd8 projects/TP3/out/libs/board/lpc_chip_43xx/src/i2c_18xx_43xx.o
 .debug_aranges
                0x0000000000000560       0x18 projects/TP3/out/libs/board/lpc_startup/src/crp.o
 .debug_aranges
                0x0000000000000578       0x20 projects/TP3/out/libs/board/lpc_startup/src/sysinit.o
 .debug_aranges
                0x0000000000000598       0x20 projects/TP3/out/libs/board/lpc_startup/src/vendor_interrupt.o
 .debug_aranges
                0x00000000000005b8       0x90 projects/TP3/out/libs/cmsis_core/src/armv7m_startup.o

.debug_ranges   0x0000000000000000      0x6a0
 .debug_ranges  0x0000000000000000       0xf8 projects/TP3/out/libs/board/edu_ciaa_nxp/src/board.o
 .debug_ranges  0x00000000000000f8       0x50 projects/TP3/out/libs/board/edu_ciaa_nxp/src/board_sysinit.o
 .debug_ranges  0x0000000000000148       0xb0 projects/TP3/out/libs/board/lpc_chip_43xx/src/uart_18xx_43xx.o
 .debug_ranges  0x00000000000001f8       0x80 projects/TP3/out/libs/board/lpc_chip_43xx/src/adc_18xx_43xx.o
 .debug_ranges  0x0000000000000278      0x198 projects/TP3/out/libs/board/lpc_chip_43xx/src/clock_18xx_43xx.o
 .debug_ranges  0x0000000000000410       0x28 projects/TP3/out/libs/board/lpc_chip_43xx/src/chip_18xx_43xx.o
 .debug_ranges  0x0000000000000438       0x18 projects/TP3/out/libs/board/lpc_chip_43xx/src/gpio_18xx_43xx.o
 .debug_ranges  0x0000000000000450       0x28 projects/TP3/out/libs/board/lpc_chip_43xx/src/sysinit_18xx_43xx.o
 .debug_ranges  0x0000000000000478       0xc0 projects/TP3/out/libs/board/lpc_chip_43xx/src/ssp_18xx_43xx.o
 .debug_ranges  0x0000000000000538       0xc8 projects/TP3/out/libs/board/lpc_chip_43xx/src/i2c_18xx_43xx.o
 .debug_ranges  0x0000000000000600       0x10 projects/TP3/out/libs/board/lpc_startup/src/sysinit.o
 .debug_ranges  0x0000000000000610       0x10 projects/TP3/out/libs/board/lpc_startup/src/vendor_interrupt.o
 .debug_ranges  0x0000000000000620       0x80 projects/TP3/out/libs/cmsis_core/src/armv7m_startup.o

.debug_macro    0x0000000000000000     0x7ace
 .debug_macro   0x0000000000000000      0x43d projects/TP3/out/libs/board/edu_ciaa_nxp/src/board.o
 .debug_macro   0x000000000000043d      0xaae projects/TP3/out/libs/board/edu_ciaa_nxp/src/board.o
 .debug_macro   0x0000000000000eeb       0x10 projects/TP3/out/libs/board/edu_ciaa_nxp/src/board.o
 .debug_macro   0x0000000000000efb       0x22 projects/TP3/out/libs/board/edu_ciaa_nxp/src/board.o
 .debug_macro   0x0000000000000f1d       0x56 projects/TP3/out/libs/board/edu_ciaa_nxp/src/board.o
 .debug_macro   0x0000000000000f73       0x51 projects/TP3/out/libs/board/edu_ciaa_nxp/src/board.o
 .debug_macro   0x0000000000000fc4       0xef projects/TP3/out/libs/board/edu_ciaa_nxp/src/board.o
 .debug_macro   0x00000000000010b3       0x6a projects/TP3/out/libs/board/edu_ciaa_nxp/src/board.o
 .debug_macro   0x000000000000111d      0x1df projects/TP3/out/libs/board/edu_ciaa_nxp/src/board.o
 .debug_macro   0x00000000000012fc       0x22 projects/TP3/out/libs/board/edu_ciaa_nxp/src/board.o
 .debug_macro   0x000000000000131e       0x73 projects/TP3/out/libs/board/edu_ciaa_nxp/src/board.o
 .debug_macro   0x0000000000001391       0x22 projects/TP3/out/libs/board/edu_ciaa_nxp/src/board.o
 .debug_macro   0x00000000000013b3       0x1c projects/TP3/out/libs/board/edu_ciaa_nxp/src/board.o
 .debug_macro   0x00000000000013cf       0x22 projects/TP3/out/libs/board/edu_ciaa_nxp/src/board.o
 .debug_macro   0x00000000000013f1       0xdf projects/TP3/out/libs/board/edu_ciaa_nxp/src/board.o
 .debug_macro   0x00000000000014d0     0x102d projects/TP3/out/libs/board/edu_ciaa_nxp/src/board.o
 .debug_macro   0x00000000000024fd      0x11f projects/TP3/out/libs/board/edu_ciaa_nxp/src/board.o
 .debug_macro   0x000000000000261c      0x2c3 projects/TP3/out/libs/board/edu_ciaa_nxp/src/board.o
 .debug_macro   0x00000000000028df      0x112 projects/TP3/out/libs/board/edu_ciaa_nxp/src/board.o
 .debug_macro   0x00000000000029f1       0x11 projects/TP3/out/libs/board/edu_ciaa_nxp/src/board.o
 .debug_macro   0x0000000000002a02       0x2a projects/TP3/out/libs/board/edu_ciaa_nxp/src/board.o
 .debug_macro   0x0000000000002a2c       0x16 projects/TP3/out/libs/board/edu_ciaa_nxp/src/board.o
 .debug_macro   0x0000000000002a42      0x2e6 projects/TP3/out/libs/board/edu_ciaa_nxp/src/board.o
 .debug_macro   0x0000000000002d28       0x82 projects/TP3/out/libs/board/edu_ciaa_nxp/src/board.o
 .debug_macro   0x0000000000002daa      0x13d projects/TP3/out/libs/board/edu_ciaa_nxp/src/board.o
 .debug_macro   0x0000000000002ee7      0x198 projects/TP3/out/libs/board/edu_ciaa_nxp/src/board.o
 .debug_macro   0x000000000000307f       0x34 projects/TP3/out/libs/board/edu_ciaa_nxp/src/board.o
 .debug_macro   0x00000000000030b3       0x58 projects/TP3/out/libs/board/edu_ciaa_nxp/src/board.o
 .debug_macro   0x000000000000310b      0x236 projects/TP3/out/libs/board/edu_ciaa_nxp/src/board.o
 .debug_macro   0x0000000000003341      0x572 projects/TP3/out/libs/board/edu_ciaa_nxp/src/board.o
 .debug_macro   0x00000000000038b3       0x16 projects/TP3/out/libs/board/edu_ciaa_nxp/src/board.o
 .debug_macro   0x00000000000038c9      0x18a projects/TP3/out/libs/board/edu_ciaa_nxp/src/board.o
 .debug_macro   0x0000000000003a53       0x88 projects/TP3/out/libs/board/edu_ciaa_nxp/src/board.o
 .debug_macro   0x0000000000003adb      0x1b9 projects/TP3/out/libs/board/edu_ciaa_nxp/src/board.o
 .debug_macro   0x0000000000003c94      0x1da projects/TP3/out/libs/board/edu_ciaa_nxp/src/board.o
 .debug_macro   0x0000000000003e6e       0x40 projects/TP3/out/libs/board/edu_ciaa_nxp/src/board.o
 .debug_macro   0x0000000000003eae       0x1c projects/TP3/out/libs/board/edu_ciaa_nxp/src/board.o
 .debug_macro   0x0000000000003eca       0x2e projects/TP3/out/libs/board/edu_ciaa_nxp/src/board.o
 .debug_macro   0x0000000000003ef8       0x2e projects/TP3/out/libs/board/edu_ciaa_nxp/src/board.o
 .debug_macro   0x0000000000003f26       0x22 projects/TP3/out/libs/board/edu_ciaa_nxp/src/board.o
 .debug_macro   0x0000000000003f48      0x201 projects/TP3/out/libs/board/edu_ciaa_nxp/src/board.o
 .debug_macro   0x0000000000004149       0xe0 projects/TP3/out/libs/board/edu_ciaa_nxp/src/board.o
 .debug_macro   0x0000000000004229      0x34c projects/TP3/out/libs/board/edu_ciaa_nxp/src/board.o
 .debug_macro   0x0000000000004575       0xdc projects/TP3/out/libs/board/edu_ciaa_nxp/src/board.o
 .debug_macro   0x0000000000004651       0xc4 projects/TP3/out/libs/board/edu_ciaa_nxp/src/board.o
 .debug_macro   0x0000000000004715       0x8f projects/TP3/out/libs/board/edu_ciaa_nxp/src/board.o
 .debug_macro   0x00000000000047a4       0x94 projects/TP3/out/libs/board/edu_ciaa_nxp/src/board.o
 .debug_macro   0x0000000000004838       0xb8 projects/TP3/out/libs/board/edu_ciaa_nxp/src/board.o
 .debug_macro   0x00000000000048f0       0x4c projects/TP3/out/libs/board/edu_ciaa_nxp/src/board.o
 .debug_macro   0x000000000000493c       0x16 projects/TP3/out/libs/board/edu_ciaa_nxp/src/board.o
 .debug_macro   0x0000000000004952      0x328 projects/TP3/out/libs/board/edu_ciaa_nxp/src/board.o
 .debug_macro   0x0000000000004c7a       0x3a projects/TP3/out/libs/board/edu_ciaa_nxp/src/board.o
 .debug_macro   0x0000000000004cb4       0xd0 projects/TP3/out/libs/board/edu_ciaa_nxp/src/board.o
 .debug_macro   0x0000000000004d84       0x18 projects/TP3/out/libs/board/edu_ciaa_nxp/src/board.o
 .debug_macro   0x0000000000004d9c       0x22 projects/TP3/out/libs/board/edu_ciaa_nxp/src/board.o
 .debug_macro   0x0000000000004dbe       0x40 projects/TP3/out/libs/board/edu_ciaa_nxp/src/board.o
 .debug_macro   0x0000000000004dfe       0x64 projects/TP3/out/libs/board/edu_ciaa_nxp/src/board.o
 .debug_macro   0x0000000000004e62       0x18 projects/TP3/out/libs/board/edu_ciaa_nxp/src/board.o
 .debug_macro   0x0000000000004e7a       0x35 projects/TP3/out/libs/board/edu_ciaa_nxp/src/board.o
 .debug_macro   0x0000000000004eaf       0x34 projects/TP3/out/libs/board/edu_ciaa_nxp/src/board.o
 .debug_macro   0x0000000000004ee3       0x16 projects/TP3/out/libs/board/edu_ciaa_nxp/src/board.o
 .debug_macro   0x0000000000004ef9       0x97 projects/TP3/out/libs/board/edu_ciaa_nxp/src/board.o
 .debug_macro   0x0000000000004f90      0x356 projects/TP3/out/libs/board/edu_ciaa_nxp/src/board.o
 .debug_macro   0x00000000000052e6       0xf6 projects/TP3/out/libs/board/edu_ciaa_nxp/src/board.o
 .debug_macro   0x00000000000053dc       0x10 projects/TP3/out/libs/board/edu_ciaa_nxp/src/board.o
 .debug_macro   0x00000000000053ec       0x58 projects/TP3/out/libs/board/edu_ciaa_nxp/src/board.o
 .debug_macro   0x0000000000005444       0x1f projects/TP3/out/libs/board/edu_ciaa_nxp/src/board.o
 .debug_macro   0x0000000000005463       0x43 projects/TP3/out/libs/board/edu_ciaa_nxp/src/board.o
 .debug_macro   0x00000000000054a6       0x20 projects/TP3/out/libs/board/edu_ciaa_nxp/src/board.o
 .debug_macro   0x00000000000054c6      0x18e projects/TP3/out/libs/board/edu_ciaa_nxp/src/board.o
 .debug_macro   0x0000000000005654       0x10 projects/TP3/out/libs/board/edu_ciaa_nxp/src/board.o
 .debug_macro   0x0000000000005664       0xb6 projects/TP3/out/libs/board/edu_ciaa_nxp/src/board.o
 .debug_macro   0x000000000000571a       0x16 projects/TP3/out/libs/board/edu_ciaa_nxp/src/board.o
 .debug_macro   0x0000000000005730      0x129 projects/TP3/out/libs/board/edu_ciaa_nxp/src/board.o
 .debug_macro   0x0000000000005859       0x20 projects/TP3/out/libs/board/edu_ciaa_nxp/src/board.o
 .debug_macro   0x0000000000005879       0xee projects/TP3/out/libs/board/edu_ciaa_nxp/src/board.o
 .debug_macro   0x0000000000005967      0x42b projects/TP3/out/libs/board/edu_ciaa_nxp/src/board_sysinit.o
 .debug_macro   0x0000000000005d92      0x315 projects/TP3/out/libs/board/lpc_chip_43xx/src/uart_18xx_43xx.o
 .debug_macro   0x00000000000060a7      0x315 projects/TP3/out/libs/board/lpc_chip_43xx/src/adc_18xx_43xx.o
 .debug_macro   0x00000000000063bc      0x31b projects/TP3/out/libs/board/lpc_chip_43xx/src/clock_18xx_43xx.o
 .debug_macro   0x00000000000066d7      0x315 projects/TP3/out/libs/board/lpc_chip_43xx/src/chip_18xx_43xx.o
 .debug_macro   0x00000000000069ec      0x315 projects/TP3/out/libs/board/lpc_chip_43xx/src/gpio_18xx_43xx.o
 .debug_macro   0x0000000000006d01      0x315 projects/TP3/out/libs/board/lpc_chip_43xx/src/sysinit_18xx_43xx.o
 .debug_macro   0x0000000000007016      0x315 projects/TP3/out/libs/board/lpc_chip_43xx/src/ssp_18xx_43xx.o
 .debug_macro   0x000000000000732b      0x327 projects/TP3/out/libs/board/lpc_chip_43xx/src/i2c_18xx_43xx.o
 .debug_macro   0x0000000000007652       0x17 projects/TP3/out/libs/board/lpc_startup/src/crp.o
 .debug_macro   0x0000000000007669      0x42b projects/TP3/out/libs/board/lpc_startup/src/sysinit.o
 .debug_macro   0x0000000000007a94       0x1d projects/TP3/out/libs/board/lpc_startup/src/vendor_interrupt.o
 .debug_macro   0x0000000000007ab1       0x1d projects/TP3/out/libs/cmsis_core/src/armv7m_startup.o

.debug_line     0x0000000000000000     0x8d1c
 .debug_line    0x0000000000000000      0xda1 projects/TP3/out/libs/board/edu_ciaa_nxp/src/board.o
 .debug_line    0x0000000000000da1      0x938 projects/TP3/out/libs/board/edu_ciaa_nxp/src/board_sysinit.o
 .debug_line    0x00000000000016d9      0xf28 projects/TP3/out/libs/board/lpc_chip_43xx/src/uart_18xx_43xx.o
 .debug_line    0x0000000000002601      0xadd projects/TP3/out/libs/board/lpc_chip_43xx/src/adc_18xx_43xx.o
 .debug_line    0x00000000000030de     0x1495 projects/TP3/out/libs/board/lpc_chip_43xx/src/clock_18xx_43xx.o
 .debug_line    0x0000000000004573      0x7f1 projects/TP3/out/libs/board/lpc_chip_43xx/src/chip_18xx_43xx.o
 .debug_line    0x0000000000004d64      0x76a projects/TP3/out/libs/board/lpc_chip_43xx/src/gpio_18xx_43xx.o
 .debug_line    0x00000000000054ce      0x97c projects/TP3/out/libs/board/lpc_chip_43xx/src/sysinit_18xx_43xx.o
 .debug_line    0x0000000000005e4a     0x12a3 projects/TP3/out/libs/board/lpc_chip_43xx/src/ssp_18xx_43xx.o
 .debug_line    0x00000000000070ed     0x109c projects/TP3/out/libs/board/lpc_chip_43xx/src/i2c_18xx_43xx.o
 .debug_line    0x0000000000008189       0x41 projects/TP3/out/libs/board/lpc_startup/src/crp.o
 .debug_line    0x00000000000081ca      0x880 projects/TP3/out/libs/board/lpc_startup/src/sysinit.o
 .debug_line    0x0000000000008a4a       0x6c projects/TP3/out/libs/board/lpc_startup/src/vendor_interrupt.o
 .debug_line    0x0000000000008ab6      0x266 projects/TP3/out/libs/cmsis_core/src/armv7m_startup.o

.debug_str      0x0000000000000000    0x1d0f9
 .debug_str     0x0000000000000000    0x1b40d projects/TP3/out/libs/board/edu_ciaa_nxp/src/board.o
                                      0x1b730 (size before relaxing)
 .debug_str     0x000000000001b40d      0x348 projects/TP3/out/libs/board/edu_ciaa_nxp/src/board_sysinit.o
                                      0x1b0ab (size before relaxing)
 .debug_str     0x000000000001b755      0x3d7 projects/TP3/out/libs/board/lpc_chip_43xx/src/uart_18xx_43xx.o
                                      0x17758 (size before relaxing)
 .debug_str     0x000000000001bb2c      0x147 projects/TP3/out/libs/board/lpc_chip_43xx/src/adc_18xx_43xx.o
                                      0x170f3 (size before relaxing)
 .debug_str     0x000000000001bc73      0x5d4 projects/TP3/out/libs/board/lpc_chip_43xx/src/clock_18xx_43xx.o
                                      0x17b1b (size before relaxing)
 .debug_str     0x000000000001c247       0x73 projects/TP3/out/libs/board/lpc_chip_43xx/src/chip_18xx_43xx.o
                                      0x17648 (size before relaxing)
 .debug_str     0x000000000001c2ba       0x3f projects/TP3/out/libs/board/lpc_chip_43xx/src/gpio_18xx_43xx.o
                                      0x168aa (size before relaxing)
 .debug_str     0x000000000001c2f9       0xb9 projects/TP3/out/libs/board/lpc_chip_43xx/src/sysinit_18xx_43xx.o
                                      0x175a9 (size before relaxing)
 .debug_str     0x000000000001c3b2      0x3e5 projects/TP3/out/libs/board/lpc_chip_43xx/src/ssp_18xx_43xx.o
                                      0x172e9 (size before relaxing)
 .debug_str     0x000000000001c797      0x597 projects/TP3/out/libs/board/lpc_chip_43xx/src/i2c_18xx_43xx.o
                                      0x1788a (size before relaxing)
 .debug_str     0x000000000001cd2e       0x40 projects/TP3/out/libs/board/lpc_startup/src/crp.o
                                       0x2e11 (size before relaxing)
 .debug_str     0x000000000001cd6e       0xc3 projects/TP3/out/libs/board/lpc_startup/src/sysinit.o
                                      0x1a384 (size before relaxing)
 .debug_str     0x000000000001ce31       0xaf projects/TP3/out/libs/board/lpc_startup/src/vendor_interrupt.o
                                       0x2e80 (size before relaxing)
 .debug_str     0x000000000001cee0      0x219 projects/TP3/out/libs/cmsis_core/src/armv7m_startup.o
                                       0x3013 (size before relaxing)

.comment        0x0000000000000000       0x68
 .comment       0x0000000000000000       0x68 projects/TP3/out/libs/board/edu_ciaa_nxp/src/board.o
                                         0x69 (size before relaxing)
 .comment       0x0000000000000068       0x69 projects/TP3/out/libs/board/edu_ciaa_nxp/src/board_sysinit.o
 .comment       0x0000000000000068       0x69 projects/TP3/out/libs/board/lpc_chip_43xx/src/uart_18xx_43xx.o
 .comment       0x0000000000000068       0x69 projects/TP3/out/libs/board/lpc_chip_43xx/src/adc_18xx_43xx.o
 .comment       0x0000000000000068       0x69 projects/TP3/out/libs/board/lpc_chip_43xx/src/clock_18xx_43xx.o
 .comment       0x0000000000000068       0x69 projects/TP3/out/libs/board/lpc_chip_43xx/src/chip_18xx_43xx.o
 .comment       0x0000000000000068       0x69 projects/TP3/out/libs/board/lpc_chip_43xx/src/gpio_18xx_43xx.o
 .comment       0x0000000000000068       0x69 projects/TP3/out/libs/board/lpc_chip_43xx/src/sysinit_18xx_43xx.o
 .comment       0x0000000000000068       0x69 projects/TP3/out/libs/board/lpc_chip_43xx/src/ssp_18xx_43xx.o
 .comment       0x0000000000000068       0x69 projects/TP3/out/libs/board/lpc_chip_43xx/src/i2c_18xx_43xx.o
 .comment       0x0000000000000068       0x69 projects/TP3/out/libs/board/lpc_startup/src/crp.o
 .comment       0x0000000000000068       0x69 projects/TP3/out/libs/board/lpc_startup/src/sysinit.o
 .comment       0x0000000000000068       0x69 projects/TP3/out/libs/board/lpc_startup/src/vendor_interrupt.o
 .comment       0x0000000000000068       0x69 projects/TP3/out/libs/cmsis_core/src/armv7m_startup.o

.ARM.attributes
                0x0000000000000000       0x34
 .ARM.attributes
                0x0000000000000000       0x34 projects/TP3/out/libs/board/edu_ciaa_nxp/src/board.o
 .ARM.attributes
                0x0000000000000034       0x34 projects/TP3/out/libs/board/edu_ciaa_nxp/src/board_sysinit.o
 .ARM.attributes
                0x0000000000000068       0x34 projects/TP3/out/libs/board/lpc_chip_43xx/src/uart_18xx_43xx.o
 .ARM.attributes
                0x000000000000009c       0x34 projects/TP3/out/libs/board/lpc_chip_43xx/src/adc_18xx_43xx.o
 .ARM.attributes
                0x00000000000000d0       0x34 projects/TP3/out/libs/board/lpc_chip_43xx/src/clock_18xx_43xx.o
 .ARM.attributes
                0x0000000000000104       0x34 projects/TP3/out/libs/board/lpc_chip_43xx/src/chip_18xx_43xx.o
 .ARM.attributes
                0x0000000000000138       0x34 projects/TP3/out/libs/board/lpc_chip_43xx/src/gpio_18xx_43xx.o
 .ARM.attributes
                0x000000000000016c       0x34 projects/TP3/out/libs/board/lpc_chip_43xx/src/sysinit_18xx_43xx.o
 .ARM.attributes
                0x00000000000001a0       0x34 projects/TP3/out/libs/board/lpc_chip_43xx/src/ssp_18xx_43xx.o
 .ARM.attributes
                0x00000000000001d4       0x34 projects/TP3/out/libs/board/lpc_chip_43xx/src/i2c_18xx_43xx.o
 .ARM.attributes
                0x0000000000000208       0x39 projects/TP3/out/libs/board/lpc_startup/src/crp.o
 .ARM.attributes
                0x0000000000000241       0x34 projects/TP3/out/libs/board/lpc_startup/src/sysinit.o
 .ARM.attributes
                0x0000000000000275       0x34 projects/TP3/out/libs/board/lpc_startup/src/vendor_interrupt.o
 .ARM.attributes
                0x00000000000002a9       0x34 projects/TP3/out/libs/cmsis_core/src/armv7m_startup.o
 .ARM.attributes
                0x00000000000002dd       0x1e /home/jpablo/fiuba/embebidos/CIAA_Software_1.1-linux-x64/tools/gcc-arm-embedded/bin/../lib/gcc/arm-none-eabi/8.2.1/thumb/v7e-m+fp/hard/libgcc.a(_aeabi_uldivmod.o)
 .ARM.attributes
                0x00000000000002fb       0x34 /home/jpablo/fiuba/embebidos/CIAA_Software_1.1-linux-x64/tools/gcc-arm-embedded/bin/../lib/gcc/arm-none-eabi/8.2.1/thumb/v7e-m+fp/hard/libgcc.a(_udivmoddi4.o)
 .ARM.attributes
                0x000000000000032f       0x1e /home/jpablo/fiuba/embebidos/CIAA_Software_1.1-linux-x64/tools/gcc-arm-embedded/bin/../lib/gcc/arm-none-eabi/8.2.1/thumb/v7e-m+fp/hard/libgcc.a(_dvmd_tls.o)
 .ARM.attributes
                0x000000000000034d       0x34 /home/jpablo/fiuba/embebidos/CIAA_Software_1.1-linux-x64/tools/gcc-arm-embedded/bin/../lib/gcc/arm-none-eabi/8.2.1/../../../../arm-none-eabi/lib/thumb/v7e-m+fp/hard/libc_nano.a(lib_a-init.o)
 .ARM.attributes
                0x0000000000000381       0x34 /home/jpablo/fiuba/embebidos/CIAA_Software_1.1-linux-x64/tools/gcc-arm-embedded/bin/../lib/gcc/arm-none-eabi/8.2.1/../../../../arm-none-eabi/lib/thumb/v7e-m+fp/hard/libc_nano.a(lib_a-memset.o)

.debug_frame    0x0000000000000000     0x1020
 .debug_frame   0x0000000000000000      0x204 projects/TP3/out/libs/board/edu_ciaa_nxp/src/board.o
 .debug_frame   0x0000000000000204       0x5c projects/TP3/out/libs/board/edu_ciaa_nxp/src/board_sysinit.o
 .debug_frame   0x0000000000000260      0x1f4 projects/TP3/out/libs/board/lpc_chip_43xx/src/uart_18xx_43xx.o
 .debug_frame   0x0000000000000454      0x178 projects/TP3/out/libs/board/lpc_chip_43xx/src/adc_18xx_43xx.o
 .debug_frame   0x00000000000005cc      0x31c projects/TP3/out/libs/board/lpc_chip_43xx/src/clock_18xx_43xx.o
 .debug_frame   0x00000000000008e8       0x70 projects/TP3/out/libs/board/lpc_chip_43xx/src/chip_18xx_43xx.o
 .debug_frame   0x0000000000000958       0x30 projects/TP3/out/libs/board/lpc_chip_43xx/src/gpio_18xx_43xx.o
 .debug_frame   0x0000000000000988       0x80 projects/TP3/out/libs/board/lpc_chip_43xx/src/sysinit_18xx_43xx.o
 .debug_frame   0x0000000000000a08      0x198 projects/TP3/out/libs/board/lpc_chip_43xx/src/ssp_18xx_43xx.o
 .debug_frame   0x0000000000000ba0      0x278 projects/TP3/out/libs/board/lpc_chip_43xx/src/i2c_18xx_43xx.o
 .debug_frame   0x0000000000000e18       0x28 projects/TP3/out/libs/board/lpc_startup/src/sysinit.o
 .debug_frame   0x0000000000000e40       0x20 projects/TP3/out/libs/board/lpc_startup/src/vendor_interrupt.o
 .debug_frame   0x0000000000000e60      0x114 projects/TP3/out/libs/cmsis_core/src/armv7m_startup.o
 .debug_frame   0x0000000000000f74       0x2c /home/jpablo/fiuba/embebidos/CIAA_Software_1.1-linux-x64/tools/gcc-arm-embedded/bin/../lib/gcc/arm-none-eabi/8.2.1/thumb/v7e-m+fp/hard/libgcc.a(_aeabi_uldivmod.o)
 .debug_frame   0x0000000000000fa0       0x34 /home/jpablo/fiuba/embebidos/CIAA_Software_1.1-linux-x64/tools/gcc-arm-embedded/bin/../lib/gcc/arm-none-eabi/8.2.1/thumb/v7e-m+fp/hard/libgcc.a(_udivmoddi4.o)
 .debug_frame   0x0000000000000fd4       0x2c /home/jpablo/fiuba/embebidos/CIAA_Software_1.1-linux-x64/tools/gcc-arm-embedded/bin/../lib/gcc/arm-none-eabi/8.2.1/../../../../arm-none-eabi/lib/thumb/v7e-m+fp/hard/libc_nano.a(lib_a-init.o)
 .debug_frame   0x0000000000001000       0x20 /home/jpablo/fiuba/embebidos/CIAA_Software_1.1-linux-x64/tools/gcc-arm-embedded/bin/../lib/gcc/arm-none-eabi/8.2.1/../../../../arm-none-eabi/lib/thumb/v7e-m+fp/hard/libc_nano.a(lib_a-memset.o)

Cross Reference Table

Symbol                                            File
ADC0_IRQHandler                                   projects/TP3/out/libs/board/lpc_startup/src/vendor_interrupt.o
ADC1_IRQHandler                                   projects/TP3/out/libs/board/lpc_startup/src/vendor_interrupt.o
ADCHS_IRQHandler                                  projects/TP3/out/libs/board/lpc_startup/src/vendor_interrupt.o
ATIMER_IRQHandler                                 projects/TP3/out/libs/board/lpc_startup/src/vendor_interrupt.o
Board_ADC_ReadBegin                               projects/TP3/out/libs/board/edu_ciaa_nxp/src/board.o
Board_ADC_ReadEnd                                 projects/TP3/out/libs/board/edu_ciaa_nxp/src/board.o
Board_ADC_ReadWait                                projects/TP3/out/libs/board/edu_ciaa_nxp/src/board.o
Board_Debug_Init                                  projects/TP3/out/libs/board/edu_ciaa_nxp/src/board.o
Board_Init                                        projects/TP3/out/libs/board/edu_ciaa_nxp/src/board.o
                                                  projects/TP3/out/libs/board/lpc_startup/src/sysinit.o
Board_LED_Set                                     projects/TP3/out/libs/board/edu_ciaa_nxp/src/board.o
Board_LED_Test                                    projects/TP3/out/libs/board/edu_ciaa_nxp/src/board.o
Board_LED_Toggle                                  projects/TP3/out/libs/board/edu_ciaa_nxp/src/board.o
Board_SetupClocking                               projects/TP3/out/libs/board/edu_ciaa_nxp/src/board_sysinit.o
Board_SetupMuxing                                 projects/TP3/out/libs/board/edu_ciaa_nxp/src/board_sysinit.o
Board_SystemInit                                  projects/TP3/out/libs/board/edu_ciaa_nxp/src/board_sysinit.o
                                                  projects/TP3/out/libs/board/lpc_startup/src/sysinit.o
Board_TEC_GetStatus                               projects/TP3/out/libs/board/edu_ciaa_nxp/src/board.o
Board_UARTGetChar                                 projects/TP3/out/libs/board/edu_ciaa_nxp/src/board.o
Board_UARTPutChar                                 projects/TP3/out/libs/board/edu_ciaa_nxp/src/board.o
Board_UARTPutSTR                                  projects/TP3/out/libs/board/edu_ciaa_nxp/src/board.o
BusFault_Handler                                  projects/TP3/out/libs/cmsis_core/src/armv7m_startup.o
CAN0_IRQHandler                                   projects/TP3/out/libs/board/lpc_startup/src/vendor_interrupt.o
CAN1_IRQHandler                                   projects/TP3/out/libs/board/lpc_startup/src/vendor_interrupt.o
CRP_WORD                                          projects/TP3/out/libs/board/lpc_startup/src/crp.o
Chip_ADC_DeInit                                   projects/TP3/out/libs/board/lpc_chip_43xx/src/adc_18xx_43xx.o
Chip_ADC_EnableChannel                            projects/TP3/out/libs/board/lpc_chip_43xx/src/adc_18xx_43xx.o
                                                  projects/TP3/out/libs/board/edu_ciaa_nxp/src/board.o
Chip_ADC_Init                                     projects/TP3/out/libs/board/lpc_chip_43xx/src/adc_18xx_43xx.o
                                                  projects/TP3/out/libs/board/edu_ciaa_nxp/src/board.o
Chip_ADC_Int_SetChannelCmd                        projects/TP3/out/libs/board/lpc_chip_43xx/src/adc_18xx_43xx.o
Chip_ADC_ReadByte                                 projects/TP3/out/libs/board/lpc_chip_43xx/src/adc_18xx_43xx.o
Chip_ADC_ReadStatus                               projects/TP3/out/libs/board/lpc_chip_43xx/src/adc_18xx_43xx.o
                                                  projects/TP3/out/libs/board/edu_ciaa_nxp/src/board.o
Chip_ADC_ReadValue                                projects/TP3/out/libs/board/lpc_chip_43xx/src/adc_18xx_43xx.o
                                                  projects/TP3/out/libs/board/edu_ciaa_nxp/src/board.o
Chip_ADC_SetBurstCmd                              projects/TP3/out/libs/board/lpc_chip_43xx/src/adc_18xx_43xx.o
                                                  projects/TP3/out/libs/board/edu_ciaa_nxp/src/board.o
Chip_ADC_SetResolution                            projects/TP3/out/libs/board/lpc_chip_43xx/src/adc_18xx_43xx.o
                                                  projects/TP3/out/libs/board/edu_ciaa_nxp/src/board.o
Chip_ADC_SetSampleRate                            projects/TP3/out/libs/board/lpc_chip_43xx/src/adc_18xx_43xx.o
                                                  projects/TP3/out/libs/board/edu_ciaa_nxp/src/board.o
Chip_ADC_SetStartMode                             projects/TP3/out/libs/board/lpc_chip_43xx/src/adc_18xx_43xx.o
                                                  projects/TP3/out/libs/board/edu_ciaa_nxp/src/board.o
Chip_AES_Config_DMA                               projects/TP3/out/libs/board/lpc_chip_43xx/src/aes_18xx_43xx.o
Chip_AES_GetStatusDMA                             projects/TP3/out/libs/board/lpc_chip_43xx/src/aes_18xx_43xx.o
Chip_AES_Init                                     projects/TP3/out/libs/board/lpc_chip_43xx/src/aes_18xx_43xx.o
Chip_AES_LoadIV_IC                                projects/TP3/out/libs/board/lpc_chip_43xx/src/aes_18xx_43xx.o
Chip_AES_LoadIV_SW                                projects/TP3/out/libs/board/lpc_chip_43xx/src/aes_18xx_43xx.o
Chip_AES_LoadKey                                  projects/TP3/out/libs/board/lpc_chip_43xx/src/aes_18xx_43xx.o
Chip_AES_LoadKeyRNG                               projects/TP3/out/libs/board/lpc_chip_43xx/src/aes_18xx_43xx.o
Chip_AES_LoadKeySW                                projects/TP3/out/libs/board/lpc_chip_43xx/src/aes_18xx_43xx.o
Chip_AES_Operate                                  projects/TP3/out/libs/board/lpc_chip_43xx/src/aes_18xx_43xx.o
Chip_AES_OperateDMA                               projects/TP3/out/libs/board/lpc_chip_43xx/src/aes_18xx_43xx.o
Chip_AES_ProgramKey                               projects/TP3/out/libs/board/lpc_chip_43xx/src/aes_18xx_43xx.o
Chip_AES_SetMode                                  projects/TP3/out/libs/board/lpc_chip_43xx/src/aes_18xx_43xx.o
Chip_ATIMER_DeInit                                projects/TP3/out/libs/board/lpc_chip_43xx/src/atimer_18xx_43xx.o
Chip_ATIMER_Init                                  projects/TP3/out/libs/board/lpc_chip_43xx/src/atimer_18xx_43xx.o
Chip_CCAN_AddReceiveID                            projects/TP3/out/libs/board/lpc_chip_43xx/src/ccan_18xx_43xx.o
Chip_CCAN_ClearStatus                             projects/TP3/out/libs/board/lpc_chip_43xx/src/ccan_18xx_43xx.o
Chip_CCAN_DeInit                                  projects/TP3/out/libs/board/lpc_chip_43xx/src/ccan_18xx_43xx.o
Chip_CCAN_DeleteReceiveID                         projects/TP3/out/libs/board/lpc_chip_43xx/src/ccan_18xx_43xx.o
Chip_CCAN_GetMsgObject                            projects/TP3/out/libs/board/lpc_chip_43xx/src/ccan_18xx_43xx.o
Chip_CCAN_Init                                    projects/TP3/out/libs/board/lpc_chip_43xx/src/ccan_18xx_43xx.o
Chip_CCAN_Send                                    projects/TP3/out/libs/board/lpc_chip_43xx/src/ccan_18xx_43xx.o
Chip_CCAN_SetBitRate                              projects/TP3/out/libs/board/lpc_chip_43xx/src/ccan_18xx_43xx.o
Chip_CCAN_SetMsgObject                            projects/TP3/out/libs/board/lpc_chip_43xx/src/ccan_18xx_43xx.o
Chip_CCAN_SetValidMsg                             projects/TP3/out/libs/board/lpc_chip_43xx/src/ccan_18xx_43xx.o
Chip_CCAN_TransferMsgObject                       projects/TP3/out/libs/board/lpc_chip_43xx/src/ccan_18xx_43xx.o
Chip_Clock_CalcMainPLLValue                       projects/TP3/out/libs/board/lpc_chip_43xx/src/clock_18xx_43xx.o
                                                  projects/TP3/out/libs/board/lpc_chip_43xx/src/sysinit_18xx_43xx.o
Chip_Clock_ClearPowerDown                         projects/TP3/out/libs/board/lpc_chip_43xx/src/clock_18xx_43xx.o
Chip_Clock_Disable                                projects/TP3/out/libs/board/lpc_chip_43xx/src/clock_18xx_43xx.o
                                                  projects/TP3/out/libs/board/lpc_chip_43xx/src/i2c_18xx_43xx.o
                                                  projects/TP3/out/libs/board/lpc_chip_43xx/src/ssp_18xx_43xx.o
                                                  projects/TP3/out/libs/board/lpc_chip_43xx/src/enet_18xx_43xx.o
                                                  projects/TP3/out/libs/board/lpc_chip_43xx/src/gpdma_18xx_43xx.o
                                                  projects/TP3/out/libs/board/lpc_chip_43xx/src/spi_18xx_43xx.o
                                                  projects/TP3/out/libs/board/lpc_chip_43xx/src/sct_18xx_43xx.o
                                                  projects/TP3/out/libs/board/lpc_chip_43xx/src/i2cm_18xx_43xx.o
                                                  projects/TP3/out/libs/board/lpc_chip_43xx/src/timer_18xx_43xx.o
                                                  projects/TP3/out/libs/board/lpc_chip_43xx/src/sdif_18xx_43xx.o
                                                  projects/TP3/out/libs/board/lpc_chip_43xx/src/ccan_18xx_43xx.o
                                                  projects/TP3/out/libs/board/lpc_chip_43xx/src/adc_18xx_43xx.o
                                                  projects/TP3/out/libs/board/lpc_chip_43xx/src/uart_18xx_43xx.o
                                                  projects/TP3/out/libs/board/lpc_chip_43xx/src/lcd_18xx_43xx.o
                                                  projects/TP3/out/libs/board/lpc_chip_43xx/src/i2s_18xx_43xx.o
                                                  projects/TP3/out/libs/board/lpc_chip_43xx/src/ritimer_18xx_43xx.o
                                                  projects/TP3/out/libs/board/lpc_chip_43xx/src/dac_18xx_43xx.o
Chip_Clock_DisableBaseClock                       projects/TP3/out/libs/board/lpc_chip_43xx/src/clock_18xx_43xx.o
Chip_Clock_DisableCrystal                         projects/TP3/out/libs/board/lpc_chip_43xx/src/clock_18xx_43xx.o
Chip_Clock_DisablePLL                             projects/TP3/out/libs/board/lpc_chip_43xx/src/clock_18xx_43xx.o
Chip_Clock_Enable                                 projects/TP3/out/libs/board/lpc_chip_43xx/src/clock_18xx_43xx.o
                                                  projects/TP3/out/libs/board/lpc_chip_43xx/src/i2c_18xx_43xx.o
                                                  projects/TP3/out/libs/board/lpc_chip_43xx/src/ssp_18xx_43xx.o
                                                  projects/TP3/out/libs/board/lpc_chip_43xx/src/spi_18xx_43xx.o
                                                  projects/TP3/out/libs/board/lpc_chip_43xx/src/i2cm_18xx_43xx.o
                                                  projects/TP3/out/libs/board/lpc_chip_43xx/src/timer_18xx_43xx.o
                                                  projects/TP3/out/libs/board/lpc_chip_43xx/src/i2s_18xx_43xx.o
Chip_Clock_EnableBaseClock                        projects/TP3/out/libs/board/lpc_chip_43xx/src/clock_18xx_43xx.o
                                                  projects/TP3/out/libs/board/lpc_chip_43xx/src/chip_18xx_43xx.o
Chip_Clock_EnableCrystal                          projects/TP3/out/libs/board/lpc_chip_43xx/src/clock_18xx_43xx.o
                                                  projects/TP3/out/libs/board/lpc_chip_43xx/src/sysinit_18xx_43xx.o
Chip_Clock_EnableOpts                             projects/TP3/out/libs/board/lpc_chip_43xx/src/clock_18xx_43xx.o
                                                  projects/TP3/out/libs/board/lpc_chip_43xx/src/enet_18xx_43xx.o
                                                  projects/TP3/out/libs/board/lpc_chip_43xx/src/gpdma_18xx_43xx.o
                                                  projects/TP3/out/libs/board/lpc_chip_43xx/src/sct_18xx_43xx.o
                                                  projects/TP3/out/libs/board/lpc_chip_43xx/src/chip_18xx_43xx.o
                                                  projects/TP3/out/libs/board/lpc_chip_43xx/src/sdif_18xx_43xx.o
                                                  projects/TP3/out/libs/board/lpc_chip_43xx/src/ccan_18xx_43xx.o
                                                  projects/TP3/out/libs/board/lpc_chip_43xx/src/adc_18xx_43xx.o
                                                  projects/TP3/out/libs/board/lpc_chip_43xx/src/uart_18xx_43xx.o
                                                  projects/TP3/out/libs/board/lpc_chip_43xx/src/lcd_18xx_43xx.o
                                                  projects/TP3/out/libs/board/lpc_chip_43xx/src/ritimer_18xx_43xx.o
                                                  projects/TP3/out/libs/board/lpc_chip_43xx/src/dac_18xx_43xx.o
Chip_Clock_EnablePLL                              projects/TP3/out/libs/board/lpc_chip_43xx/src/clock_18xx_43xx.o
                                                  projects/TP3/out/libs/board/lpc_chip_43xx/src/chip_18xx_43xx.o
Chip_Clock_GetBaseClock                           projects/TP3/out/libs/board/lpc_chip_43xx/src/clock_18xx_43xx.o
Chip_Clock_GetBaseClockOpts                       projects/TP3/out/libs/board/lpc_chip_43xx/src/clock_18xx_43xx.o
Chip_Clock_GetBaseClocktHz                        projects/TP3/out/libs/board/lpc_chip_43xx/src/clock_18xx_43xx.o
                                                  projects/TP3/out/libs/board/lpc_chip_43xx/src/sdmmc_18xx_43xx.o
                                                  projects/TP3/out/libs/board/lpc_chip_43xx/src/sdio_18xx_43xx.o
Chip_Clock_GetClockInputHz                        projects/TP3/out/libs/board/lpc_chip_43xx/src/clock_18xx_43xx.o
                                                  projects/TP3/out/libs/board/lpc_chip_43xx/src/chip_18xx_43xx.o
Chip_Clock_GetDividerDivisor                      projects/TP3/out/libs/board/lpc_chip_43xx/src/clock_18xx_43xx.o
Chip_Clock_GetDividerSource                       projects/TP3/out/libs/board/lpc_chip_43xx/src/clock_18xx_43xx.o
Chip_Clock_GetEMCRate                             projects/TP3/out/libs/board/lpc_chip_43xx/src/clock_18xx_43xx.o
                                                  projects/TP3/out/libs/board/lpc_chip_43xx/src/emc_18xx_43xx.o
Chip_Clock_GetMainPLLHz                           projects/TP3/out/libs/board/lpc_chip_43xx/src/clock_18xx_43xx.o
Chip_Clock_GetPLLStatus                           projects/TP3/out/libs/board/lpc_chip_43xx/src/clock_18xx_43xx.o
                                                  projects/TP3/out/libs/board/lpc_chip_43xx/src/chip_18xx_43xx.o
Chip_Clock_GetRate                                projects/TP3/out/libs/board/lpc_chip_43xx/src/clock_18xx_43xx.o
                                                  projects/TP3/out/libs/board/lpc_chip_43xx/src/i2c_18xx_43xx.o
                                                  projects/TP3/out/libs/board/lpc_chip_43xx/src/ssp_18xx_43xx.o
                                                  projects/TP3/out/libs/board/lpc_chip_43xx/src/sct_pwm_18xx_43xx.o
                                                  projects/TP3/out/libs/board/lpc_chip_43xx/src/spi_18xx_43xx.o
                                                  projects/TP3/out/libs/board/lpc_chip_43xx/src/eeprom_18xx_43xx.o
                                                  projects/TP3/out/libs/board/lpc_chip_43xx/src/i2cm_18xx_43xx.o
                                                  projects/TP3/out/libs/board/lpc_chip_43xx/src/chip_18xx_43xx.o
                                                  projects/TP3/out/libs/board/lpc_chip_43xx/src/ccan_18xx_43xx.o
                                                  projects/TP3/out/libs/board/lpc_chip_43xx/src/stopwatch_18xx_43xx.o
                                                  projects/TP3/out/libs/board/lpc_chip_43xx/src/adc_18xx_43xx.o
                                                  projects/TP3/out/libs/board/lpc_chip_43xx/src/uart_18xx_43xx.o
                                                  projects/TP3/out/libs/board/lpc_chip_43xx/src/i2s_18xx_43xx.o
                                                  projects/TP3/out/libs/board/lpc_chip_43xx/src/ritimer_18xx_43xx.o
Chip_Clock_IsBaseClockEnabled                     projects/TP3/out/libs/board/lpc_chip_43xx/src/clock_18xx_43xx.o
Chip_Clock_RTCEnable                              projects/TP3/out/libs/board/lpc_chip_43xx/src/clock_18xx_43xx.o
                                                  projects/TP3/out/libs/board/lpc_chip_43xx/src/rtc_18xx_43xx.o
Chip_Clock_SetBaseClock                           projects/TP3/out/libs/board/lpc_chip_43xx/src/clock_18xx_43xx.o
                                                  projects/TP3/out/libs/board/lpc_chip_43xx/src/sysinit_18xx_43xx.o
                                                  projects/TP3/out/libs/board/lpc_chip_43xx/src/chip_18xx_43xx.o
                                                  projects/TP3/out/libs/board/edu_ciaa_nxp/src/board_sysinit.o
Chip_Clock_SetDivider                             projects/TP3/out/libs/board/lpc_chip_43xx/src/clock_18xx_43xx.o
                                                  projects/TP3/out/libs/board/lpc_chip_43xx/src/chip_18xx_43xx.o
Chip_Clock_SetupMainPLLHz                         projects/TP3/out/libs/board/lpc_chip_43xx/src/clock_18xx_43xx.o
Chip_Clock_SetupMainPLLMult                       projects/TP3/out/libs/board/lpc_chip_43xx/src/clock_18xx_43xx.o
Chip_Clock_SetupPLL                               projects/TP3/out/libs/board/lpc_chip_43xx/src/clock_18xx_43xx.o
                                                  projects/TP3/out/libs/board/lpc_chip_43xx/src/chip_18xx_43xx.o
Chip_Clock_StartPowerDown                         projects/TP3/out/libs/board/lpc_chip_43xx/src/clock_18xx_43xx.o
Chip_DAC_DeInit                                   projects/TP3/out/libs/board/lpc_chip_43xx/src/dac_18xx_43xx.o
Chip_DAC_Init                                     projects/TP3/out/libs/board/lpc_chip_43xx/src/dac_18xx_43xx.o
Chip_DAC_SetBias                                  projects/TP3/out/libs/board/lpc_chip_43xx/src/dac_18xx_43xx.o
Chip_DAC_UpdateValue                              projects/TP3/out/libs/board/lpc_chip_43xx/src/dac_18xx_43xx.o
Chip_EEPROM_EraseProgramPage                      projects/TP3/out/libs/board/lpc_chip_43xx/src/eeprom_18xx_43xx.o
Chip_EEPROM_Init                                  projects/TP3/out/libs/board/lpc_chip_43xx/src/eeprom_18xx_43xx.o
Chip_EEPROM_WaitForIntStatus                      projects/TP3/out/libs/board/lpc_chip_43xx/src/eeprom_18xx_43xx.o
Chip_EMC_Dynamic_Enable                           projects/TP3/out/libs/board/lpc_chip_43xx/src/emc_18xx_43xx.o
Chip_EMC_Dynamic_Init                             projects/TP3/out/libs/board/lpc_chip_43xx/src/emc_18xx_43xx.o
Chip_EMC_Enable                                   projects/TP3/out/libs/board/lpc_chip_43xx/src/emc_18xx_43xx.o
Chip_EMC_Init                                     projects/TP3/out/libs/board/lpc_chip_43xx/src/emc_18xx_43xx.o
Chip_EMC_LowPowerMode                             projects/TP3/out/libs/board/lpc_chip_43xx/src/emc_18xx_43xx.o
Chip_EMC_Mirror                                   projects/TP3/out/libs/board/lpc_chip_43xx/src/emc_18xx_43xx.o
Chip_EMC_Static_Init                              projects/TP3/out/libs/board/lpc_chip_43xx/src/emc_18xx_43xx.o
Chip_ENET_DeInit                                  projects/TP3/out/libs/board/lpc_chip_43xx/src/enet_18xx_43xx.o
Chip_ENET_Init                                    projects/TP3/out/libs/board/lpc_chip_43xx/src/enet_18xx_43xx.o
Chip_ENET_SetDuplex                               projects/TP3/out/libs/board/lpc_chip_43xx/src/enet_18xx_43xx.o
Chip_ENET_SetSpeed                                projects/TP3/out/libs/board/lpc_chip_43xx/src/enet_18xx_43xx.o
Chip_ENET_SetupMII                                projects/TP3/out/libs/board/lpc_chip_43xx/src/enet_18xx_43xx.o
Chip_ENET_StartMIIRead                            projects/TP3/out/libs/board/lpc_chip_43xx/src/enet_18xx_43xx.o
Chip_ENET_StartMIIWrite                           projects/TP3/out/libs/board/lpc_chip_43xx/src/enet_18xx_43xx.o
Chip_EVRT_ConfigIntSrcActiveType                  projects/TP3/out/libs/board/lpc_chip_43xx/src/evrt_18xx_43xx.o
Chip_EVRT_Init                                    projects/TP3/out/libs/board/lpc_chip_43xx/src/evrt_18xx_43xx.o
Chip_EVRT_IsSourceInterrupting                    projects/TP3/out/libs/board/lpc_chip_43xx/src/evrt_18xx_43xx.o
Chip_EVRT_SetUpIntSrc                             projects/TP3/out/libs/board/lpc_chip_43xx/src/evrt_18xx_43xx.o
Chip_GPDMA_ChannelCmd                             projects/TP3/out/libs/board/lpc_chip_43xx/src/gpdma_18xx_43xx.o
Chip_GPDMA_ClearIntPending                        projects/TP3/out/libs/board/lpc_chip_43xx/src/gpdma_18xx_43xx.o
Chip_GPDMA_DeInit                                 projects/TP3/out/libs/board/lpc_chip_43xx/src/gpdma_18xx_43xx.o
Chip_GPDMA_GetFreeChannel                         projects/TP3/out/libs/board/lpc_chip_43xx/src/gpdma_18xx_43xx.o
Chip_GPDMA_Init                                   projects/TP3/out/libs/board/lpc_chip_43xx/src/gpdma_18xx_43xx.o
Chip_GPDMA_InitChannelCfg                         projects/TP3/out/libs/board/lpc_chip_43xx/src/gpdma_18xx_43xx.o
Chip_GPDMA_IntGetStatus                           projects/TP3/out/libs/board/lpc_chip_43xx/src/gpdma_18xx_43xx.o
Chip_GPDMA_Interrupt                              projects/TP3/out/libs/board/lpc_chip_43xx/src/gpdma_18xx_43xx.o
Chip_GPDMA_PrepareDescriptor                      projects/TP3/out/libs/board/lpc_chip_43xx/src/gpdma_18xx_43xx.o
Chip_GPDMA_SGTransfer                             projects/TP3/out/libs/board/lpc_chip_43xx/src/gpdma_18xx_43xx.o
Chip_GPDMA_Stop                                   projects/TP3/out/libs/board/lpc_chip_43xx/src/gpdma_18xx_43xx.o
Chip_GPDMA_Transfer                               projects/TP3/out/libs/board/lpc_chip_43xx/src/gpdma_18xx_43xx.o
Chip_GPIO_DeInit                                  projects/TP3/out/libs/board/lpc_chip_43xx/src/gpio_18xx_43xx.o
Chip_GPIO_Init                                    projects/TP3/out/libs/board/lpc_chip_43xx/src/gpio_18xx_43xx.o
                                                  projects/TP3/out/libs/board/edu_ciaa_nxp/src/board.o
Chip_I2CM_DeInit                                  projects/TP3/out/libs/board/lpc_chip_43xx/src/i2cm_18xx_43xx.o
Chip_I2CM_Init                                    projects/TP3/out/libs/board/lpc_chip_43xx/src/i2cm_18xx_43xx.o
Chip_I2CM_Read                                    projects/TP3/out/libs/board/lpc_chip_43xx/src/i2cm_18xx_43xx.o
Chip_I2CM_SetBusSpeed                             projects/TP3/out/libs/board/lpc_chip_43xx/src/i2cm_18xx_43xx.o
Chip_I2CM_Write                                   projects/TP3/out/libs/board/lpc_chip_43xx/src/i2cm_18xx_43xx.o
Chip_I2CM_Xfer                                    projects/TP3/out/libs/board/lpc_chip_43xx/src/i2cm_18xx_43xx.o
Chip_I2CM_XferBlocking                            projects/TP3/out/libs/board/lpc_chip_43xx/src/i2cm_18xx_43xx.o
Chip_I2CM_XferHandler                             projects/TP3/out/libs/board/lpc_chip_43xx/src/i2cm_18xx_43xx.o
Chip_I2C_DeInit                                   projects/TP3/out/libs/board/lpc_chip_43xx/src/i2c_18xx_43xx.o
Chip_I2C_Disable                                  projects/TP3/out/libs/board/lpc_chip_43xx/src/i2c_18xx_43xx.o
Chip_I2C_EventHandler                             projects/TP3/out/libs/board/lpc_chip_43xx/src/i2c_18xx_43xx.o
Chip_I2C_EventHandlerPolling                      projects/TP3/out/libs/board/lpc_chip_43xx/src/i2c_18xx_43xx.o
Chip_I2C_GetClockRate                             projects/TP3/out/libs/board/lpc_chip_43xx/src/i2c_18xx_43xx.o
Chip_I2C_GetMasterEventHandler                    projects/TP3/out/libs/board/lpc_chip_43xx/src/i2c_18xx_43xx.o
Chip_I2C_Init                                     projects/TP3/out/libs/board/lpc_chip_43xx/src/i2c_18xx_43xx.o
                                                  projects/TP3/out/libs/board/edu_ciaa_nxp/src/board.o
Chip_I2C_IsMasterActive                           projects/TP3/out/libs/board/lpc_chip_43xx/src/i2c_18xx_43xx.o
Chip_I2C_IsStateChanged                           projects/TP3/out/libs/board/lpc_chip_43xx/src/i2c_18xx_43xx.o
Chip_I2C_MasterCmdRead                            projects/TP3/out/libs/board/lpc_chip_43xx/src/i2c_18xx_43xx.o
Chip_I2C_MasterRead                               projects/TP3/out/libs/board/lpc_chip_43xx/src/i2c_18xx_43xx.o
Chip_I2C_MasterSend                               projects/TP3/out/libs/board/lpc_chip_43xx/src/i2c_18xx_43xx.o
Chip_I2C_MasterStateHandler                       projects/TP3/out/libs/board/lpc_chip_43xx/src/i2c_18xx_43xx.o
Chip_I2C_MasterTransfer                           projects/TP3/out/libs/board/lpc_chip_43xx/src/i2c_18xx_43xx.o
Chip_I2C_SetClockRate                             projects/TP3/out/libs/board/lpc_chip_43xx/src/i2c_18xx_43xx.o
                                                  projects/TP3/out/libs/board/edu_ciaa_nxp/src/board.o
Chip_I2C_SetMasterEventHandler                    projects/TP3/out/libs/board/lpc_chip_43xx/src/i2c_18xx_43xx.o
Chip_I2C_SlaveSetup                               projects/TP3/out/libs/board/lpc_chip_43xx/src/i2c_18xx_43xx.o
Chip_I2C_SlaveStateHandler                        projects/TP3/out/libs/board/lpc_chip_43xx/src/i2c_18xx_43xx.o
Chip_I2S_DMA_RxCmd                                projects/TP3/out/libs/board/lpc_chip_43xx/src/i2s_18xx_43xx.o
Chip_I2S_DMA_TxCmd                                projects/TP3/out/libs/board/lpc_chip_43xx/src/i2s_18xx_43xx.o
Chip_I2S_DeInit                                   projects/TP3/out/libs/board/lpc_chip_43xx/src/i2s_18xx_43xx.o
Chip_I2S_Init                                     projects/TP3/out/libs/board/lpc_chip_43xx/src/i2s_18xx_43xx.o
Chip_I2S_Int_RxCmd                                projects/TP3/out/libs/board/lpc_chip_43xx/src/i2s_18xx_43xx.o
Chip_I2S_Int_TxCmd                                projects/TP3/out/libs/board/lpc_chip_43xx/src/i2s_18xx_43xx.o
Chip_I2S_RxConfig                                 projects/TP3/out/libs/board/lpc_chip_43xx/src/i2s_18xx_43xx.o
Chip_I2S_TxConfig                                 projects/TP3/out/libs/board/lpc_chip_43xx/src/i2s_18xx_43xx.o
Chip_IAP_BlankCheckSector                         projects/TP3/out/libs/board/lpc_chip_43xx/src/iap_18xx_43xx.o
Chip_IAP_Compare                                  projects/TP3/out/libs/board/lpc_chip_43xx/src/iap_18xx_43xx.o
Chip_IAP_CopyRamToFlash                           projects/TP3/out/libs/board/lpc_chip_43xx/src/iap_18xx_43xx.o
Chip_IAP_ErasePage                                projects/TP3/out/libs/board/lpc_chip_43xx/src/iap_18xx_43xx.o
Chip_IAP_EraseSector                              projects/TP3/out/libs/board/lpc_chip_43xx/src/iap_18xx_43xx.o
Chip_IAP_Init                                     projects/TP3/out/libs/board/lpc_chip_43xx/src/iap_18xx_43xx.o
Chip_IAP_PreSectorForReadWrite                    projects/TP3/out/libs/board/lpc_chip_43xx/src/iap_18xx_43xx.o
Chip_IAP_ReadBootCode                             projects/TP3/out/libs/board/lpc_chip_43xx/src/iap_18xx_43xx.o
Chip_IAP_ReadPID                                  projects/TP3/out/libs/board/lpc_chip_43xx/src/iap_18xx_43xx.o
Chip_IAP_ReadUID                                  projects/TP3/out/libs/board/lpc_chip_43xx/src/iap_18xx_43xx.o
Chip_IAP_ReinvokeISP                              projects/TP3/out/libs/board/lpc_chip_43xx/src/iap_18xx_43xx.o
Chip_IAP_SetBootFlashBank                         projects/TP3/out/libs/board/lpc_chip_43xx/src/iap_18xx_43xx.o
Chip_LCD_Cursor_Config                            projects/TP3/out/libs/board/lpc_chip_43xx/src/lcd_18xx_43xx.o
Chip_LCD_Cursor_WriteImage                        projects/TP3/out/libs/board/lpc_chip_43xx/src/lcd_18xx_43xx.o
Chip_LCD_DeInit                                   projects/TP3/out/libs/board/lpc_chip_43xx/src/lcd_18xx_43xx.o
Chip_LCD_Init                                     projects/TP3/out/libs/board/lpc_chip_43xx/src/lcd_18xx_43xx.o
Chip_LCD_LoadPalette                              projects/TP3/out/libs/board/lpc_chip_43xx/src/lcd_18xx_43xx.o
Chip_OTP_GenRand                                  projects/TP3/out/libs/board/lpc_chip_43xx/src/otp_18xx_43xx.o
Chip_OTP_Init                                     projects/TP3/out/libs/board/lpc_chip_43xx/src/otp_18xx_43xx.o
Chip_OTP_ProgBootSrc                              projects/TP3/out/libs/board/lpc_chip_43xx/src/otp_18xx_43xx.o
Chip_OTP_ProgGPWord                               projects/TP3/out/libs/board/lpc_chip_43xx/src/otp_18xx_43xx.o
Chip_OTP_ProgJTAGDis                              projects/TP3/out/libs/board/lpc_chip_43xx/src/otp_18xx_43xx.o
Chip_OTP_ProgKey                                  projects/TP3/out/libs/board/lpc_chip_43xx/src/otp_18xx_43xx.o
Chip_OTP_ProgUSBID                                projects/TP3/out/libs/board/lpc_chip_43xx/src/otp_18xx_43xx.o
Chip_PMC_Set_PwrState                             projects/TP3/out/libs/board/lpc_chip_43xx/src/pmc_18xx_43xx.o
Chip_PMC_Sleep                                    projects/TP3/out/libs/board/lpc_chip_43xx/src/pmc_18xx_43xx.o
Chip_RIT_DeInit                                   projects/TP3/out/libs/board/lpc_chip_43xx/src/ritimer_18xx_43xx.o
Chip_RIT_GetIntStatus                             projects/TP3/out/libs/board/lpc_chip_43xx/src/ritimer_18xx_43xx.o
Chip_RIT_Init                                     projects/TP3/out/libs/board/lpc_chip_43xx/src/ritimer_18xx_43xx.o
Chip_RIT_SetTimerInterval                         projects/TP3/out/libs/board/lpc_chip_43xx/src/ritimer_18xx_43xx.o
Chip_RTC_AlarmIntConfig                           projects/TP3/out/libs/board/lpc_chip_43xx/src/rtc_18xx_43xx.o
Chip_RTC_CalibCounterCmd                          projects/TP3/out/libs/board/lpc_chip_43xx/src/rtc_18xx_43xx.o
Chip_RTC_CntIncrIntConfig                         projects/TP3/out/libs/board/lpc_chip_43xx/src/rtc_18xx_43xx.o
Chip_RTC_DeInit                                   projects/TP3/out/libs/board/lpc_chip_43xx/src/rtc_18xx_43xx.o
Chip_RTC_EV_GetFirstTimeStamp                     projects/TP3/out/libs/board/lpc_chip_43xx/src/rtc_18xx_43xx.o
Chip_RTC_EV_GetLastTimeStamp                      projects/TP3/out/libs/board/lpc_chip_43xx/src/rtc_18xx_43xx.o
Chip_RTC_Enable                                   projects/TP3/out/libs/board/lpc_chip_43xx/src/rtc_18xx_43xx.o
Chip_RTC_GetFullAlarmTime                         projects/TP3/out/libs/board/lpc_chip_43xx/src/rtc_18xx_43xx.o
Chip_RTC_GetFullTime                              projects/TP3/out/libs/board/lpc_chip_43xx/src/rtc_18xx_43xx.o
Chip_RTC_Init                                     projects/TP3/out/libs/board/lpc_chip_43xx/src/rtc_18xx_43xx.o
Chip_RTC_ResetClockTickCounter                    projects/TP3/out/libs/board/lpc_chip_43xx/src/rtc_18xx_43xx.o
Chip_RTC_SetFullAlarmTime                         projects/TP3/out/libs/board/lpc_chip_43xx/src/rtc_18xx_43xx.o
Chip_RTC_SetFullTime                              projects/TP3/out/libs/board/lpc_chip_43xx/src/rtc_18xx_43xx.o
Chip_SCTPWM_SetOutPin                             projects/TP3/out/libs/board/lpc_chip_43xx/src/sct_pwm_18xx_43xx.o
Chip_SCTPWM_SetRate                               projects/TP3/out/libs/board/lpc_chip_43xx/src/sct_pwm_18xx_43xx.o
Chip_SCT_DeInit                                   projects/TP3/out/libs/board/lpc_chip_43xx/src/sct_18xx_43xx.o
Chip_SCT_Init                                     projects/TP3/out/libs/board/lpc_chip_43xx/src/sct_18xx_43xx.o
Chip_SCT_SetClrControl                            projects/TP3/out/libs/board/lpc_chip_43xx/src/sct_18xx_43xx.o
Chip_SCT_SetConflictResolution                    projects/TP3/out/libs/board/lpc_chip_43xx/src/sct_18xx_43xx.o
Chip_SDIF_DeInit                                  projects/TP3/out/libs/board/lpc_chip_43xx/src/sdif_18xx_43xx.o
Chip_SDIF_DmaSetup                                projects/TP3/out/libs/board/lpc_chip_43xx/src/sdif_18xx_43xx.o
                                                  projects/TP3/out/libs/board/lpc_chip_43xx/src/sdmmc_18xx_43xx.o
                                                  projects/TP3/out/libs/board/lpc_chip_43xx/src/sdio_18xx_43xx.o
Chip_SDIF_GetResponse                             projects/TP3/out/libs/board/lpc_chip_43xx/src/sdif_18xx_43xx.o
                                                  projects/TP3/out/libs/board/lpc_chip_43xx/src/sdmmc_18xx_43xx.o
                                                  projects/TP3/out/libs/board/lpc_chip_43xx/src/sdio_18xx_43xx.o
Chip_SDIF_Init                                    projects/TP3/out/libs/board/lpc_chip_43xx/src/sdif_18xx_43xx.o
Chip_SDIF_SendCmd                                 projects/TP3/out/libs/board/lpc_chip_43xx/src/sdif_18xx_43xx.o
                                                  projects/TP3/out/libs/board/lpc_chip_43xx/src/sdmmc_18xx_43xx.o
                                                  projects/TP3/out/libs/board/lpc_chip_43xx/src/sdio_18xx_43xx.o
Chip_SDIF_SetClearIntFifo                         projects/TP3/out/libs/board/lpc_chip_43xx/src/sdif_18xx_43xx.o
                                                  projects/TP3/out/libs/board/lpc_chip_43xx/src/sdmmc_18xx_43xx.o
Chip_SDIF_SetClock                                projects/TP3/out/libs/board/lpc_chip_43xx/src/sdif_18xx_43xx.o
                                                  projects/TP3/out/libs/board/lpc_chip_43xx/src/sdmmc_18xx_43xx.o
                                                  projects/TP3/out/libs/board/lpc_chip_43xx/src/sdio_18xx_43xx.o
Chip_SDMMC_Acquire                                projects/TP3/out/libs/board/lpc_chip_43xx/src/sdmmc_18xx_43xx.o
Chip_SDMMC_GetDeviceBlocks                        projects/TP3/out/libs/board/lpc_chip_43xx/src/sdmmc_18xx_43xx.o
Chip_SDMMC_GetDeviceSize                          projects/TP3/out/libs/board/lpc_chip_43xx/src/sdmmc_18xx_43xx.o
Chip_SDMMC_GetState                               projects/TP3/out/libs/board/lpc_chip_43xx/src/sdmmc_18xx_43xx.o
Chip_SDMMC_ReadBlocks                             projects/TP3/out/libs/board/lpc_chip_43xx/src/sdmmc_18xx_43xx.o
Chip_SDMMC_WriteBlocks                            projects/TP3/out/libs/board/lpc_chip_43xx/src/sdmmc_18xx_43xx.o